Archive member included to satisfy reference by file (symbol)

c:/program files (x86)/atmel/studio/7.0/toolchain/arm/arm-gnu-toolchain/bin/../lib/gcc/arm-none-eabi/6.2.1/thumb/v6-m\libgcc.a(_udivsi3.o)
                              src/ASF/common2/services/delay/sam0/systick_counter.o (__aeabi_uidiv)
c:/program files (x86)/atmel/studio/7.0/toolchain/arm/arm-gnu-toolchain/bin/../lib/gcc/arm-none-eabi/6.2.1/thumb/v6-m\libgcc.a(_dvmd_tls.o)
                              c:/program files (x86)/atmel/studio/7.0/toolchain/arm/arm-gnu-toolchain/bin/../lib/gcc/arm-none-eabi/6.2.1/thumb/v6-m\libgcc.a(_udivsi3.o) (__aeabi_idiv0)
c:/program files (x86)/atmel/studio/7.0/toolchain/arm/arm-gnu-toolchain/bin/../lib/gcc/arm-none-eabi/6.2.1/thumb/v6-m\libgcc.a(_muldi3.o)
                              src/ASF/sam0/drivers/sercom/sercom.o (__aeabi_lmul)
c:/program files (x86)/atmel/studio/7.0/toolchain/arm/arm-gnu-toolchain/bin/../lib/gcc/arm-none-eabi/6.2.1/../../../../arm-none-eabi/lib/thumb/v6-m\libc_nano.a(lib_a-exit.o)
                              c:/program files (x86)/atmel/studio/7.0/toolchain/arm/arm-gnu-toolchain/bin/../lib/gcc/arm-none-eabi/6.2.1/../../../../arm-none-eabi/lib/thumb/v6-m/crt0.o (exit)
c:/program files (x86)/atmel/studio/7.0/toolchain/arm/arm-gnu-toolchain/bin/../lib/gcc/arm-none-eabi/6.2.1/../../../../arm-none-eabi/lib/thumb/v6-m\libc_nano.a(lib_a-impure.o)
                              c:/program files (x86)/atmel/studio/7.0/toolchain/arm/arm-gnu-toolchain/bin/../lib/gcc/arm-none-eabi/6.2.1/../../../../arm-none-eabi/lib/thumb/v6-m\libc_nano.a(lib_a-exit.o) (_global_impure_ptr)
c:/program files (x86)/atmel/studio/7.0/toolchain/arm/arm-gnu-toolchain/bin/../lib/gcc/arm-none-eabi/6.2.1/../../../../arm-none-eabi/lib/thumb/v6-m\libc_nano.a(lib_a-init.o)
                              c:/program files (x86)/atmel/studio/7.0/toolchain/arm/arm-gnu-toolchain/bin/../lib/gcc/arm-none-eabi/6.2.1/../../../../arm-none-eabi/lib/thumb/v6-m/crt0.o (__libc_init_array)
c:/program files (x86)/atmel/studio/7.0/toolchain/arm/arm-gnu-toolchain/bin/../lib/gcc/arm-none-eabi/6.2.1/../../../../arm-none-eabi/lib/thumb/v6-m\libc_nano.a(lib_a-memcpy-stub.o)
                              src/ASF/sam0/drivers/adc/adc_sam_d_r_h/adc.o (memcpy)
c:/program files (x86)/atmel/studio/7.0/toolchain/arm/arm-gnu-toolchain/bin/../lib/gcc/arm-none-eabi/6.2.1/../../../../arm-none-eabi/lib/thumb/v6-m\libc_nano.a(lib_a-memset.o)
                              c:/program files (x86)/atmel/studio/7.0/toolchain/arm/arm-gnu-toolchain/bin/../lib/gcc/arm-none-eabi/6.2.1/../../../../arm-none-eabi/lib/thumb/v6-m/crt0.o (memset)

Allocating common symbols
Common symbol       size              file

_tcc_instances      0x4               src/ASF/sam0/drivers/tcc/tcc_callback.o
tc_instance2        0x1c              src/UltraSound.o
usart_instance      0x34              src/UART.o
orb_tc_instance     0x1c              src/RGB_LED.o
pin_array           0x3               src/RGB_LED.o
rx_buffer           0x1               src/UART.o
_tc_instances       0x8               src/ASF/sam0/drivers/tc/tc_interrupt.o
_sercom_instances   0xc               src/ASF/sam0/drivers/sercom/sercom_interrupt.o
temp_compare_array  0x3               src/RGB_LED.o
_extint_dev         0x40              src/ASF/sam0/drivers/extint/extint_sam_d_r_h/extint.o
compare_array       0x3               src/RGB_LED.o
_current_channel    0x1               src/ASF/sam0/drivers/extint/extint_callback.o
pin_array_ID        0x1               src/RGB_LED.o
temp_pin_array      0x3               src/RGB_LED.o
_adc_instances      0x4               src/ASF/sam0/drivers/adc/adc_sam_d_r_h/adc_callback.o
temp_compare_array_2
                    0x3               src/RGB_LED.o
compare_array_ID    0x1               src/RGB_LED.o
ring_buffer         0xff              src/main.o

Discarded input sections

 .text          0x00000000        0x0 c:/program files (x86)/atmel/studio/7.0/toolchain/arm/arm-gnu-toolchain/bin/../lib/gcc/arm-none-eabi/6.2.1/thumb/v6-m/crti.o
 .data          0x00000000        0x0 c:/program files (x86)/atmel/studio/7.0/toolchain/arm/arm-gnu-toolchain/bin/../lib/gcc/arm-none-eabi/6.2.1/thumb/v6-m/crti.o
 .bss           0x00000000        0x0 c:/program files (x86)/atmel/studio/7.0/toolchain/arm/arm-gnu-toolchain/bin/../lib/gcc/arm-none-eabi/6.2.1/thumb/v6-m/crti.o
 .data          0x00000000        0x4 c:/program files (x86)/atmel/studio/7.0/toolchain/arm/arm-gnu-toolchain/bin/../lib/gcc/arm-none-eabi/6.2.1/thumb/v6-m/crtbegin.o
 .text          0x00000000       0x78 c:/program files (x86)/atmel/studio/7.0/toolchain/arm/arm-gnu-toolchain/bin/../lib/gcc/arm-none-eabi/6.2.1/../../../../arm-none-eabi/lib/thumb/v6-m/crt0.o
 .data          0x00000000        0x0 c:/program files (x86)/atmel/studio/7.0/toolchain/arm/arm-gnu-toolchain/bin/../lib/gcc/arm-none-eabi/6.2.1/../../../../arm-none-eabi/lib/thumb/v6-m/crt0.o
[...]
Memory Configuration

Name             Origin             Length             Attributes
rom              0x00000000         0x00004000         xr
ram              0x20000000         0x00001000         xrw
*default*        0x00000000         0xffffffff

Linker script and memory map

LOAD c:/program files (x86)/atmel/studio/7.0/toolchain/arm/arm-gnu-toolchain/bin/../lib/gcc/arm-none-eabi/6.2.1/thumb/v6-m/crti.o
LOAD c:/program files (x86)/atmel/studio/7.0/toolchain/arm/arm-gnu-toolchain/bin/../lib/gcc/arm-none-eabi/6.2.1/thumb/v6-m/crtbegin.o
LOAD c:/program files (x86)/atmel/studio/7.0/toolchain/arm/arm-gnu-toolchain/bin/../lib/gcc/arm-none-eabi/6.2.1/../../../../arm-none-eabi/lib/thumb/v6-m/crt0.o
LOAD src/ASF/sam0/drivers/adc/adc_sam_d_r_h/adc.o
LOAD src/ASF/sam0/drivers/adc/adc_sam_d_r_h/adc_callback.o
LOAD src/ASF/sam0/drivers/extint/extint_sam_d_r_h/extint.o
LOAD src/ASF/sam0/drivers/sercom/sercom.o
LOAD src/ASF/sam0/drivers/tcc/tcc.o
LOAD src/ASF/sam0/drivers/tcc/tcc_callback.o
LOAD src/ASF/sam0/drivers/tc/tc_sam_d_r_h/tc.o
LOAD src/ASF/sam0/drivers/tc/tc_interrupt.o
LOAD src/ASF/sam0/drivers/sercom/usart/usart.o
LOAD src/ASF/sam0/drivers/sercom/usart/usart_interrupt.o
LOAD src/ASF/sam0/drivers/sercom/sercom_interrupt.o
LOAD src/ASF/sam0/drivers/extint/extint_callback.o
LOAD src/ASF/common2/services/delay/sam0/systick_counter.o
LOAD src/ASF/sam0/drivers/port/port.o
LOAD src/LineSensor.o
LOAD src/motor.o
LOAD src/PowerOn.o
LOAD src/RGB_LED.o
LOAD src/RGB_LED_control.o
LOAD src/UART.o
LOAD src/UART_control.o
LOAD src/UltraSound.o
LOAD src/ASF/common2/boards/user_board/init.o
LOAD src/ASF/common/utils/interrupt/interrupt_sam_nvic.o
LOAD src/ASF/sam0/drivers/system/clock/clock_samd09_d10_d11/clock.o
LOAD src/ASF/sam0/drivers/system/clock/clock_samd09_d10_d11/gclk.o
LOAD src/ASF/sam0/drivers/system/interrupt/system_interrupt.o
LOAD src/ASF/sam0/drivers/system/pinmux/pinmux.o
LOAD src/ASF/sam0/drivers/system/system.o
LOAD src/ASF/sam0/utils/cmsis/samd10/source/gcc/startup_samd10.o
LOAD src/ASF/sam0/utils/cmsis/samd10/source/system_samd10.o
LOAD src/ASF/sam0/utils/syscalls/gcc/syscalls.o
LOAD src/main.o
START GROUP
LOAD ../src/ASF/thirdparty/CMSIS/Lib/GCC\libarm_cortexM0l_math.a
LOAD c:/program files (x86)/atmel/studio/7.0/toolchain/arm/arm-gnu-toolchain/bin/../lib/gcc/arm-none-eabi/6.2.1/../../../../arm-none-eabi/lib/thumb/v6-m\libm.a
END GROUP
START GROUP
LOAD c:/program files (x86)/atmel/studio/7.0/toolchain/arm/arm-gnu-toolchain/bin/../lib/gcc/arm-none-eabi/6.2.1/thumb/v6-m\libgcc.a
LOAD c:/program files (x86)/atmel/studio/7.0/toolchain/arm/arm-gnu-toolchain/bin/../lib/gcc/arm-none-eabi/6.2.1/../../../../arm-none-eabi/lib/thumb/v6-m\libc_nano.a
END GROUP
START GROUP
LOAD c:/program files (x86)/atmel/studio/7.0/toolchain/arm/arm-gnu-toolchain/bin/../lib/gcc/arm-none-eabi/6.2.1/thumb/v6-m\libgcc.a
LOAD c:/program files (x86)/atmel/studio/7.0/toolchain/arm/arm-gnu-toolchain/bin/../lib/gcc/arm-none-eabi/6.2.1/../../../../arm-none-eabi/lib/thumb/v6-m\libc_nano.a
END GROUP
LOAD c:/program files (x86)/atmel/studio/7.0/toolchain/arm/arm-gnu-toolchain/bin/../lib/gcc/arm-none-eabi/6.2.1/thumb/v6-m/crtend.o
LOAD c:/program files (x86)/atmel/studio/7.0/toolchain/arm/arm-gnu-toolchain/bin/../lib/gcc/arm-none-eabi/6.2.1/thumb/v6-m/crtn.o
                0x00000400                STACK_SIZE = DEFINED (STACK_SIZE)?STACK_SIZE:DEFINED (__stack_size__)?__stack_size__:0x400

.text           0x00000000     0x2d70
                0x00000000                . = ALIGN (0x4)
                0x00000000                _sfixed = .
 *(.vectors .vectors.*)
 .vectors       0x00000000       0x8c src/ASF/sam0/utils/cmsis/samd10/source/gcc/startup_samd10.o
                0x00000000                exception_table
 *(.text .text.* .gnu.linkonce.t.*)
 .text          0x0000008c       0x60 c:/program files (x86)/atmel/studio/7.0/toolchain/arm/arm-gnu-toolchain/bin/../lib/gcc/arm-none-eabi/6.2.1/thumb/v6-m/crtbegin.o
 .text.ADC_Handler
                0x000000ec       0xc0 src/ASF/sam0/drivers/adc/adc_sam_d_r_h/adc_callback.o
                0x000000ec                ADC_Handler
 .text._extint_enable
                0x000001ac       0x18 src/ASF/sam0/drivers/extint/extint_sam_d_r_h/extint.o
 .text._system_extint_init
                0x000001c4       0x6c src/ASF/sam0/drivers/extint/extint_sam_d_r_h/extint.o
                0x000001c4                _system_extint_init
 .text.extint_chan_get_config_defaults
                0x00000230       0x14 src/ASF/sam0/drivers/extint/extint_sam_d_r_h/extint.o
                0x00000230                extint_chan_get_config_defaults
 .text.extint_chan_set_config
                0x00000244       0x78 src/ASF/sam0/drivers/extint/extint_sam_d_r_h/extint.o
                0x00000244                extint_chan_set_config
 .text.long_division
                0x000002bc       0xba src/ASF/sam0/drivers/sercom/sercom.o
 .text._sercom_get_sync_baud_val
                0x00000376       0x28 src/ASF/sam0/drivers/sercom/sercom.o
                0x00000376                _sercom_get_sync_baud_val
 *fill*         0x0000039e        0x2 
 .text._sercom_get_async_baud_val
                0x000003a0       0x94 src/ASF/sam0/drivers/sercom/sercom.o
                0x000003a0                _sercom_get_async_baud_val
 .text.sercom_set_gclk_generator
                0x00000434       0x4c src/ASF/sam0/drivers/sercom/sercom.o
                0x00000434                sercom_set_gclk_generator
 .text._sercom_get_default_pad
                0x00000480       0xc0 src/ASF/sam0/drivers/sercom/sercom.o
                0x00000480                _sercom_get_default_pad
 .text._sercom_get_sercom_inst_index
                0x00000540       0x38 src/ASF/sam0/drivers/sercom/sercom.o
                0x00000540                _sercom_get_sercom_inst_index
 .text._tcc_get_inst_index
                0x00000578        0x4 src/ASF/sam0/drivers/tcc/tcc.o
                0x00000578                _tcc_get_inst_index
 .text._tcc_set_compare_value
                0x0000057c       0x58 src/ASF/sam0/drivers/tcc/tcc.o
 .text.tcc_get_config_defaults
                0x000005d4      0x13c src/ASF/sam0/drivers/tcc/tcc.o
                0x000005d4                tcc_get_config_defaults
 .text.tcc_init
                0x00000710      0x388 src/ASF/sam0/drivers/tcc/tcc.o
                0x00000710                tcc_init
 .text.tcc_set_compare_value
                0x00000a98       0x10 src/ASF/sam0/drivers/tcc/tcc.o
                0x00000a98                tcc_set_compare_value
 .text._tcc_interrupt_handler
                0x00000aa8       0x4c src/ASF/sam0/drivers/tcc/tcc_callback.o
                0x00000aa8                _tcc_interrupt_handler
 .text.TCC0_Handler
                0x00000af4       0x10 src/ASF/sam0/drivers/tcc/tcc_callback.o
                0x00000af4                TCC0_Handler
 .text._tc_get_inst_index
                0x00000b04       0x24 src/ASF/sam0/drivers/tc/tc_sam_d_r_h/tc.o
                0x00000b04                _tc_get_inst_index
 .text.tc_init  0x00000b28      0x230 src/ASF/sam0/drivers/tc/tc_sam_d_r_h/tc.o
                0x00000b28                tc_init
 .text.tc_set_count_value
                0x00000d58       0x32 src/ASF/sam0/drivers/tc/tc_sam_d_r_h/tc.o
                0x00000d58                tc_set_count_value
 .text.tc_get_count_value
                0x00000d8a       0x2c src/ASF/sam0/drivers/tc/tc_sam_d_r_h/tc.o
                0x00000d8a                tc_get_count_value
 .text.tc_set_compare_value
                0x00000db6       0x50 src/ASF/sam0/drivers/tc/tc_sam_d_r_h/tc.o
                0x00000db6                tc_set_compare_value
 .text.tc_register_callback
                0x00000e06       0x32 src/ASF/sam0/drivers/tc/tc_interrupt.o
                0x00000e06                tc_register_callback
 .text._tc_interrupt_handler
                0x00000e38       0x64 src/ASF/sam0/drivers/tc/tc_interrupt.o
                0x00000e38                _tc_interrupt_handler
 .text.TC1_Handler
                0x00000e9c       0x10 src/ASF/sam0/drivers/tc/tc_interrupt.o
                0x00000e9c                TC1_Handler
 .text.TC2_Handler
                0x00000eac       0x10 src/ASF/sam0/drivers/tc/tc_interrupt.o
                0x00000eac                TC2_Handler
 .text.usart_init
                0x00000ebc      0x344 src/ASF/sam0/drivers/sercom/usart/usart.o
                0x00000ebc                usart_init
 .text.usart_write_wait
                0x00001200       0x2c src/ASF/sam0/drivers/sercom/usart/usart.o
                0x00001200                usart_write_wait
 .text.usart_write_buffer_wait
                0x0000122c       0xc0 src/ASF/sam0/drivers/sercom/usart/usart.o
                0x0000122c                usart_write_buffer_wait
 .text._usart_read_buffer
                0x000012ec       0x50 src/ASF/sam0/drivers/sercom/usart/usart_interrupt.o
                0x000012ec                _usart_read_buffer
 .text.usart_register_callback
                0x0000133c       0x18 src/ASF/sam0/drivers/sercom/usart/usart_interrupt.o
                0x0000133c                usart_register_callback
 .text.usart_read_buffer_job
                0x00001354       0x20 src/ASF/sam0/drivers/sercom/usart/usart_interrupt.o
                0x00001354                usart_read_buffer_job
 .text._usart_interrupt_handler
                0x00001374      0x150 src/ASF/sam0/drivers/sercom/usart/usart_interrupt.o
                0x00001374                _usart_interrupt_handler
 .text._sercom_default_handler
                0x000014c4        0x2 src/ASF/sam0/drivers/sercom/sercom_interrupt.o
 *fill*         0x000014c6        0x2 
 .text._sercom_set_handler
                0x000014c8       0x3c src/ASF/sam0/drivers/sercom/sercom_interrupt.o
                0x000014c8                _sercom_set_handler
 .text._sercom_get_interrupt_vector
                0x00001504       0x20 src/ASF/sam0/drivers/sercom/sercom_interrupt.o
                0x00001504                _sercom_get_interrupt_vector
 .text.SERCOM0_Handler
                0x00001524       0x10 src/ASF/sam0/drivers/sercom/sercom_interrupt.o
                0x00001524                SERCOM0_Handler
 .text.SERCOM1_Handler
                0x00001534       0x10 src/ASF/sam0/drivers/sercom/sercom_interrupt.o
                0x00001534                SERCOM1_Handler
 .text.SERCOM2_Handler
                0x00001544       0x10 src/ASF/sam0/drivers/sercom/sercom_interrupt.o
                0x00001544                SERCOM2_Handler
 .text.extint_register_callback
                0x00001554       0x2c src/ASF/sam0/drivers/extint/extint_callback.o
                0x00001554                extint_register_callback
 .text.extint_chan_enable_callback
                0x00001580       0x20 src/ASF/sam0/drivers/extint/extint_callback.o
                0x00001580                extint_chan_enable_callback
 .text.EIC_Handler
                0x000015a0       0x54 src/ASF/sam0/drivers/extint/extint_callback.o
                0x000015a0                EIC_Handler
 .text.delay_init
                0x000015f4       0x40 src/ASF/common2/services/delay/sam0/systick_counter.o
                0x000015f4                delay_init
 .text.delay_cycles_us
                0x00001634       0x2c src/ASF/common2/services/delay/sam0/systick_counter.o
                0x00001634                delay_cycles_us
 .text.port_pin_set_config
                0x00001660       0x24 src/ASF/sam0/drivers/port/port.o
                0x00001660                port_pin_set_config
 .text.config_timer_waveform
                0x00001684       0x80 src/motor.o
                0x00001684                config_timer_waveform
 .text.set_motor_left
                0x00001704       0xcc src/motor.o
                0x00001704                set_motor_left
 .text.set_motor_right
                0x000017d0       0xcc src/motor.o
                0x000017d0                set_motor_right
 .text.configure_motors
                0x0000189c        0xc src/motor.o
                0x0000189c                configure_motors
 .text.init_power_pin
                0x000018a8       0x20 src/PowerOn.o
                0x000018a8                init_power_pin
 .text.power_button_init
                0x000018c8       0x18 src/PowerOn.o
                0x000018c8                power_button_init
 .text.tc_callback_PWM
                0x000018e0      0x178 src/RGB_LED.o
                0x000018e0                tc_callback_PWM
 .text.transfer_temp_2
                0x00001a58       0x1c src/RGB_LED.o
                0x00001a58                transfer_temp_2
 .text.increasing_sort_tag
                0x00001a74       0x70 src/RGB_LED.o
                0x00001a74                increasing_sort_tag
 .text.transfer_temp
                0x00001ae4       0x50 src/RGB_LED.o
                0x00001ae4                transfer_temp
 .text.tc_callback_OF
                0x00001b34       0xa0 src/RGB_LED.o
                0x00001b34                tc_callback_OF
 .text.ORB_timer_init
                0x00001bd4       0x6c src/RGB_LED.o
                0x00001bd4                ORB_timer_init
 .text.set_drivestrength_ORB
                0x00001c40       0x1c src/RGB_LED.o
                0x00001c40                set_drivestrength_ORB
 .text.ORB_setup_pins
                0x00001c5c       0x44 src/RGB_LED.o
                0x00001c5c                ORB_setup_pins
 .text.ORB_timer_callbacks_init
                0x00001ca0       0x28 src/RGB_LED.o
                0x00001ca0                ORB_timer_callbacks_init
 .text.enable_ORB
                0x00001cc8       0x68 src/RGB_LED.o
                0x00001cc8                enable_ORB
 .text.initializing_pin_array
                0x00001d30       0x14 src/RGB_LED.o
                0x00001d30                initializing_pin_array
 .text.initializing_compare_array
                0x00001d44       0x14 src/RGB_LED.o
                0x00001d44                initializing_compare_array
 .text.ORB_init_array
                0x00001d58       0x2c src/RGB_LED.o
                0x00001d58                ORB_init_array
 .text.ORB_init
                0x00001d84       0x24 src/RGB_LED.o
                0x00001d84                ORB_init
 .text.update_RGB_LED
                0x00001da8       0x40 src/RGB_LED_control.o
                0x00001da8                update_RGB_LED
 .text.usart_read_callback
                0x00001de8       0x4c src/UART.o
                0x00001de8                usart_read_callback
 .text.configure_usart
                0x00001e34       0xbc src/UART.o
                0x00001e34                configure_usart
 .text.configure_usart_callbacks
                0x00001ef0       0x1c src/UART.o
                0x00001ef0                configure_usart_callbacks
 .text.enable_USART
                0x00001f0c       0x24 src/UART.o
                0x00001f0c                enable_USART
 .text.serial_init
                0x00001f30       0x14 src/UART.o
                0x00001f30                serial_init
 .text.serial_receive_bytes
                0x00001f44       0x50 src/UART_control.o
                0x00001f44                serial_receive_bytes
 .text.serial_main_loop_1
                0x00001f94      0x1e4 src/UART_control.o
                0x00001f94                serial_main_loop_1
 .text.new_echo_detection_callback
                0x00002178       0x64 src/UltraSound.o
                0x00002178                new_echo_detection_callback
 .text.configure_pins
                0x000021dc       0x34 src/UltraSound.o
                0x000021dc                configure_pins
 .text.configure_tc2
                0x00002210       0x64 src/UltraSound.o
                0x00002210                configure_tc2
 .text.configure_echo_extint
                0x00002274       0x34 src/UltraSound.o
                0x00002274                configure_echo_extint
 .text.setup_ultrasound
                0x000022a8       0x2c src/UltraSound.o
                0x000022a8                setup_ultrasound
 .text.TC4_OV_callback
                0x000022d4        0xc src/UltraSound.o
                0x000022d4                TC4_OV_callback
 .text.configure_TC2_callback
                0x000022e0       0x4c src/UltraSound.o
                0x000022e0                configure_TC2_callback
 .text.configure_ext_callback
                0x0000232c       0x24 src/UltraSound.o
                0x0000232c                configure_ext_callback
 .text.configure_callbacks
                0x00002350       0x14 src/UltraSound.o
                0x00002350                configure_callbacks
 .text.configure_modules
                0x00002364       0x14 src/UltraSound.o
                0x00002364                configure_modules
 .text.configure_ultrasound
                0x00002378       0x1c src/UltraSound.o
                0x00002378                configure_ultrasound
 .text.system_board_init
                0x00002394        0x2 src/ASF/common2/boards/user_board/init.o
                0x00002394                board_init
                0x00002394                system_board_init
 *fill*         0x00002396        0x2 
 .text.cpu_irq_enter_critical
                0x00002398       0x40 src/ASF/common/utils/interrupt/interrupt_sam_nvic.o
                0x00002398                cpu_irq_enter_critical
 .text.cpu_irq_leave_critical
                0x000023d8       0x30 src/ASF/common/utils/interrupt/interrupt_sam_nvic.o
                0x000023d8                cpu_irq_leave_critical
 .text.system_clock_source_get_hz
                0x00002408       0x90 src/ASF/sam0/drivers/system/clock/clock_samd09_d10_d11/clock.o
                0x00002408                system_clock_source_get_hz
 .text.system_clock_source_osc8m_set_config
                0x00002498       0x3c src/ASF/sam0/drivers/system/clock/clock_samd09_d10_d11/clock.o
                0x00002498                system_clock_source_osc8m_set_config
 .text.system_clock_source_enable
                0x000024d4       0xa8 src/ASF/sam0/drivers/system/clock/clock_samd09_d10_d11/clock.o
                0x000024d4                system_clock_source_enable
 .text.system_clock_init
                0x0000257c       0x98 src/ASF/sam0/drivers/system/clock/clock_samd09_d10_d11/clock.o
                0x0000257c                system_clock_init
 .text.system_gclk_init
                0x00002614       0x24 src/ASF/sam0/drivers/system/clock/clock_samd09_d10_d11/gclk.o
                0x00002614                system_gclk_init
 .text.system_gclk_gen_set_config
                0x00002638       0xb8 src/ASF/sam0/drivers/system/clock/clock_samd09_d10_d11/gclk.o
                0x00002638                system_gclk_gen_set_config
 .text.system_gclk_gen_enable
                0x000026f0       0x44 src/ASF/sam0/drivers/system/clock/clock_samd09_d10_d11/gclk.o
                0x000026f0                system_gclk_gen_enable
 .text.system_gclk_gen_get_hz
                0x00002734       0x8c src/ASF/sam0/drivers/system/clock/clock_samd09_d10_d11/gclk.o
                0x00002734                system_gclk_gen_get_hz
 .text.system_gclk_chan_enable
                0x000027c0       0x30 src/ASF/sam0/drivers/system/clock/clock_samd09_d10_d11/gclk.o
                0x000027c0                system_gclk_chan_enable
 .text.system_gclk_chan_disable
                0x000027f0       0x5c src/ASF/sam0/drivers/system/clock/clock_samd09_d10_d11/gclk.o
                0x000027f0                system_gclk_chan_disable
 .text.system_gclk_chan_set_config
                0x0000284c       0x1c src/ASF/sam0/drivers/system/clock/clock_samd09_d10_d11/gclk.o
                0x0000284c                system_gclk_chan_set_config
 .text.system_gclk_chan_get_hz
                0x00002868       0x34 src/ASF/sam0/drivers/system/clock/clock_samd09_d10_d11/gclk.o
                0x00002868                system_gclk_chan_get_hz
 .text._system_pinmux_config
                0x0000289c       0xa8 src/ASF/sam0/drivers/system/pinmux/pinmux.o
 .text.system_pinmux_pin_set_config
                0x00002944       0x30 src/ASF/sam0/drivers/system/pinmux/pinmux.o
                0x00002944                system_pinmux_pin_set_config
 .text.system_pinmux_group_set_output_strength
                0x00002974       0x46 src/ASF/sam0/drivers/system/pinmux/pinmux.o
                0x00002974                system_pinmux_group_set_output_strength
 .text._system_dummy_init
                0x000029ba        0x2 src/ASF/sam0/drivers/system/system.o
                0x000029ba                _system_events_init
                0x000029ba                _system_dummy_init
                0x000029ba                _system_divas_init
 .text.system_init
                0x000029bc       0x2c src/ASF/sam0/drivers/system/system.o
                0x000029bc                system_init
 .text.Dummy_Handler
                0x000029e8        0x2 src/ASF/sam0/utils/cmsis/samd10/source/gcc/startup_samd10.o
                0x000029e8                DMAC_Handler
                0x000029e8                HardFault_Handler
                0x000029e8                AC_Handler
                0x000029e8                SysTick_Handler
                0x000029e8                PendSV_Handler
                0x000029e8                NMI_Handler
                0x000029e8                RTC_Handler
                0x000029e8                WDT_Handler
                0x000029e8                Dummy_Handler
                0x000029e8                PM_Handler
                0x000029e8                SVC_Handler
                0x000029e8                EVSYS_Handler
                0x000029e8                NVMCTRL_Handler
                0x000029e8                DAC_Handler
                0x000029e8                PTC_Handler
                0x000029e8                SYSCTRL_Handler
 *fill*         0x000029ea        0x2 
 .text.Reset_Handler
                0x000029ec       0xd0 src/ASF/sam0/utils/cmsis/samd10/source/gcc/startup_samd10.o
                0x000029ec                Reset_Handler
 .text.main     0x00002abc       0x54 src/main.o
                0x00002abc                main
 .text          0x00002b10      0x114 c:/program files (x86)/atmel/studio/7.0/toolchain/arm/arm-gnu-toolchain/bin/../lib/gcc/arm-none-eabi/6.2.1/thumb/v6-m\libgcc.a(_udivsi3.o)
                0x00002b10                __aeabi_uidiv
                0x00002b10                __udivsi3
                0x00002c1c                __aeabi_uidivmod
 .text          0x00002c24        0x4 c:/program files (x86)/atmel/studio/7.0/toolchain/arm/arm-gnu-toolchain/bin/../lib/gcc/arm-none-eabi/6.2.1/thumb/v6-m\libgcc.a(_dvmd_tls.o)
                0x00002c24                __aeabi_idiv0
                0x00002c24                __aeabi_ldiv0
 .text          0x00002c28       0x54 c:/program files (x86)/atmel/studio/7.0/toolchain/arm/arm-gnu-toolchain/bin/../lib/gcc/arm-none-eabi/6.2.1/thumb/v6-m\libgcc.a(_muldi3.o)
                0x00002c28                __muldi3
                0x00002c28                __aeabi_lmul
 .text.__libc_init_array
                0x00002c7c       0x48 c:/program files (x86)/atmel/studio/7.0/toolchain/arm/arm-gnu-toolchain/bin/../lib/gcc/arm-none-eabi/6.2.1/../../../../arm-none-eabi/lib/thumb/v6-m\libc_nano.a(lib_a-init.o)
                0x00002c7c                __libc_init_array
 *(.glue_7t)
 .glue_7t       0x00002cc4        0x0 linker stubs
 *(.glue_7)
 .glue_7        0x00002cc4        0x0 linker stubs
 *(.rodata .rodata* .gnu.linkonce.r.*)
 .rodata        0x00002cc4        0xc src/ASF/sam0/drivers/sercom/sercom.o
 .rodata._tcc_intflag
                0x00002cd0       0x30 src/ASF/sam0/drivers/tcc/tcc_callback.o
                0x00002cd0                _tcc_intflag
 .rodata.tc_interrupt_vectors.11931
                0x00002d00        0x2 src/RGB_LED.o
 *fill*         0x00002d02        0x2 
 .rodata.tc_interrupt_vectors.11931
                0x00002d04        0x2 src/UltraSound.o
 *fill*         0x00002d06        0x2 
 .rodata.system_clock_source_get_hz
                0x00002d08       0x24 src/ASF/sam0/drivers/system/clock/clock_samd09_d10_d11/clock.o
 .rodata.system_clock_source_enable
                0x00002d2c       0x24 src/ASF/sam0/drivers/system/clock/clock_samd09_d10_d11/clock.o
 *(.ARM.extab* .gnu.linkonce.armextab.*)
                0x00002d50                . = ALIGN (0x4)
 *(.init)
 .init          0x00002d50        0x4 c:/program files (x86)/atmel/studio/7.0/toolchain/arm/arm-gnu-toolchain/bin/../lib/gcc/arm-none-eabi/6.2.1/thumb/v6-m/crti.o
                0x00002d50                _init
 .init          0x00002d54        0x8 c:/program files (x86)/atmel/studio/7.0/toolchain/arm/arm-gnu-toolchain/bin/../lib/gcc/arm-none-eabi/6.2.1/thumb/v6-m/crtn.o
                0x00002d5c                . = ALIGN (0x4)
                0x00002d5c                __preinit_array_start = .
 *(.preinit_array)
                0x00002d5c                __preinit_array_end = .
                0x00002d5c                . = ALIGN (0x4)
                0x00002d5c                __init_array_start = .
 *(SORT(.init_array.*))
 *(.init_array)
 .init_array    0x00002d5c        0x4 c:/program files (x86)/atmel/studio/7.0/toolchain/arm/arm-gnu-toolchain/bin/../lib/gcc/arm-none-eabi/6.2.1/thumb/v6-m/crtbegin.o
                0x00002d60                __init_array_end = .
                0x00002d60                . = ALIGN (0x4)
 *crtbegin.o(.ctors)
 *(EXCLUDE_FILE(*crtend.o) .ctors)
 *(SORT(.ctors.*))
 *crtend.o(.ctors)
                0x00002d60                . = ALIGN (0x4)
 *(.fini)
 .fini          0x00002d60        0x4 c:/program files (x86)/atmel/studio/7.0/toolchain/arm/arm-gnu-toolchain/bin/../lib/gcc/arm-none-eabi/6.2.1/thumb/v6-m/crti.o
                0x00002d60                _fini
 .fini          0x00002d64        0x8 c:/program files (x86)/atmel/studio/7.0/toolchain/arm/arm-gnu-toolchain/bin/../lib/gcc/arm-none-eabi/6.2.1/thumb/v6-m/crtn.o
                0x00002d6c                . = ALIGN (0x4)
                0x00002d6c                __fini_array_start = .
 *(.fini_array)
 .fini_array    0x00002d6c        0x4 c:/program files (x86)/atmel/studio/7.0/toolchain/arm/arm-gnu-toolchain/bin/../lib/gcc/arm-none-eabi/6.2.1/thumb/v6-m/crtbegin.o
 *(SORT(.fini_array.*))
                0x00002d70                __fini_array_end = .
 *crtbegin.o(.dtors)
 *(EXCLUDE_FILE(*crtend.o) .dtors)
 *(SORT(.dtors.*))
 *crtend.o(.dtors)
                0x00002d70                . = ALIGN (0x4)
                0x00002d70                _efixed = .
                [!provide]                PROVIDE (__exidx_start, .)

.vfp11_veneer   0x00002d70        0x0
 .vfp11_veneer  0x00002d70        0x0 linker stubs

.v4_bx          0x00002d70        0x0
 .v4_bx         0x00002d70        0x0 linker stubs

.iplt           0x00002d70        0x0
 .iplt          0x00002d70        0x0 c:/program files (x86)/atmel/studio/7.0/toolchain/arm/arm-gnu-toolchain/bin/../lib/gcc/arm-none-eabi/6.2.1/thumb/v6-m/crtbegin.o

.eh_frame       0x00002d70        0x0
 .eh_frame      0x00002d70        0x0 c:/program files (x86)/atmel/studio/7.0/toolchain/arm/arm-gnu-toolchain/bin/../lib/gcc/arm-none-eabi/6.2.1/thumb/v6-m/crtbegin.o

.rel.dyn        0x00002d70        0x0
 .rel.iplt      0x00002d70        0x0 c:/program files (x86)/atmel/studio/7.0/toolchain/arm/arm-gnu-toolchain/bin/../lib/gcc/arm-none-eabi/6.2.1/thumb/v6-m/crtbegin.o

.jcr            0x00002d70        0x0
 .jcr           0x00002d70        0x0 c:/program files (x86)/atmel/studio/7.0/toolchain/arm/arm-gnu-toolchain/bin/../lib/gcc/arm-none-eabi/6.2.1/thumb/v6-m/crtbegin.o

.igot.plt       0x00002d70        0x0
 .igot.plt      0x00002d70        0x0 c:/program files (x86)/atmel/studio/7.0/toolchain/arm/arm-gnu-toolchain/bin/../lib/gcc/arm-none-eabi/6.2.1/thumb/v6-m/crtbegin.o

.ARM.exidx
 *(.ARM.exidx* .gnu.linkonce.armexidx.*)
                [!provide]                PROVIDE (__exidx_end, .)
                0x00002d70                . = ALIGN (0x4)
                0x00002d70                _etext = .

.relocate       0x20000000        0xc load address 0x00002d70
                0x20000000                . = ALIGN (0x4)
                0x20000000                _srelocate = .
 *(.ramfunc .ramfunc.*)
 *(.data .data.*)
 .data.cycles_per_ms
                0x20000000        0x4 src/ASF/common2/services/delay/sam0/systick_counter.o
 .data.cycles_per_us
                0x20000004        0x4 src/ASF/common2/services/delay/sam0/systick_counter.o
 .data.N_valid_compares
                0x20000008        0x1 src/RGB_LED.o
 .data.first_time.12410
                0x20000009        0x1 src/RGB_LED.o
 .data.g_interrupt_enabled
                0x2000000a        0x1 src/ASF/common/utils/interrupt/interrupt_sam_nvic.o
                0x2000000a                g_interrupt_enabled
                0x2000000c                . = ALIGN (0x4)
 *fill*         0x2000000b        0x1 
                0x2000000c                _erelocate = .

.bss            0x2000000c      0x2a0 load address 0x00002d7c
                0x2000000c                . = ALIGN (0x4)
                0x2000000c                _sbss = .
                0x2000000c                _szero = .
 *(.bss .bss.*)
 .bss           0x2000000c       0x1c c:/program files (x86)/atmel/studio/7.0/toolchain/arm/arm-gnu-toolchain/bin/../lib/gcc/arm-none-eabi/6.2.1/thumb/v6-m/crtbegin.o
 .bss._sercom_config
                0x20000028        0x2 src/ASF/sam0/drivers/sercom/sercom.o
 .bss._handler_table_initialized
                0x2000002a        0x1 src/ASF/sam0/drivers/sercom/sercom_interrupt.o
 *fill*         0x2000002b        0x1 
 .bss._sercom_interrupt_handlers
                0x2000002c        0xc src/ASF/sam0/drivers/sercom/sercom_interrupt.o
 .bss.init.12376
                0x20000038        0x1 src/motor.o
 .bss.init_left.12368
                0x20000039        0x1 src/motor.o
 .bss.old_left_dir
                0x2000003a        0x1 src/motor.o
                0x2000003a                old_left_dir
 .bss.old_right_dir
                0x2000003b        0x1 src/motor.o
                0x2000003b                old_right_dir
 .bss.prev_channel.12367
                0x2000003c        0x1 src/motor.o
 .bss.prev_channel.12375
                0x2000003d        0x1 src/motor.o
 *fill*         0x2000003e        0x2 
 .bss.tcc_instance0
                0x20000040       0x40 src/motor.o
 .bss.compare_value_current.12409
                0x20000080        0x1 src/RGB_LED.o
 .bss.compare_value_last.12408
                0x20000081        0x1 src/RGB_LED.o
 .bss.update_compare_array
                0x20000082        0x1 src/RGB_LED.o
                0x20000082                update_compare_array
 *fill*         0x20000083        0x1 
 .bss.prev_rec_value.12395
                0x20000084       0x14 src/UART_control.o
 .bss.distance_16b
                0x20000098        0x4 src/UltraSound.o
 .bss.rising_edge.12370
                0x2000009c        0x2 src/UltraSound.o
 *fill*         0x2000009e        0x2 
 .bss.cpu_irq_critical_section_counter
                0x200000a0        0x4 src/ASF/common/utils/interrupt/interrupt_sam_nvic.o
 .bss.cpu_irq_prev_interrupt_state
                0x200000a4        0x1 src/ASF/common/utils/interrupt/interrupt_sam_nvic.o
 *fill*         0x200000a5        0x3 
 .bss._system_clock_inst
                0x200000a8       0x18 src/ASF/sam0/drivers/system/clock/clock_samd09_d10_d11/clock.o
 .bss.head_ring_buffer
                0x200000c0        0x1 src/main.o
                0x200000c0                head_ring_buffer
 .bss.received_data_updated
                0x200000c1        0x1 src/main.o
                0x200000c1                received_data_updated
 .bss.serial_timeout
                0x200000c2        0x1 src/main.o
                0x200000c2                serial_timeout
 .bss.serial_timeout_count
                0x200000c3        0x1 src/main.o
                0x200000c3                serial_timeout_count
 .bss.tail_ring_buffer
                0x200000c4        0x1 src/main.o
                0x200000c4                tail_ring_buffer
 *(COMMON)
 *fill*         0x200000c5        0x3 
 COMMON         0x200000c8        0x4 src/ASF/sam0/drivers/adc/adc_sam_d_r_h/adc_callback.o
                0x200000c8                _adc_instances
 COMMON         0x200000cc       0x40 src/ASF/sam0/drivers/extint/extint_sam_d_r_h/extint.o
                0x200000cc                _extint_dev
 COMMON         0x2000010c        0x4 src/ASF/sam0/drivers/tcc/tcc_callback.o
                0x2000010c                _tcc_instances
 COMMON         0x20000110        0x8 src/ASF/sam0/drivers/tc/tc_interrupt.o
                0x20000110                _tc_instances
 COMMON         0x20000118        0xc src/ASF/sam0/drivers/sercom/sercom_interrupt.o
                0x20000118                _sercom_instances
 COMMON         0x20000124        0x1 src/ASF/sam0/drivers/extint/extint_callback.o
                0x20000124                _current_channel
 *fill*         0x20000125        0x3 
 COMMON         0x20000128       0x30 src/RGB_LED.o
                0x20000128                orb_tc_instance
                0x20000144                pin_array
                0x20000148                temp_compare_array
                0x2000014c                compare_array
                0x2000014f                pin_array_ID
                0x20000150                temp_pin_array
                0x20000154                temp_compare_array_2
                0x20000157                compare_array_ID
 COMMON         0x20000158       0x35 src/UART.o
                0x20000158                usart_instance
                0x2000018c                rx_buffer
 *fill*         0x2000018d        0x3 
 COMMON         0x20000190       0x1c src/UltraSound.o
                0x20000190                tc_instance2
 COMMON         0x200001ac       0xff src/main.o
                0x200001ac                ring_buffer
                0x200002ac                . = ALIGN (0x4)
 *fill*         0x200002ab        0x1 
                0x200002ac                _ebss = .
                0x200002ac                _ezero = .

.stack          0x200002ac      0x404 load address 0x0000301c
                0x200002b0                . = ALIGN (0x8)
 *fill*         0x200002ac        0x4 
                0x200002b0                _sstack = .
                0x200006b0                . = (. + STACK_SIZE)
 *fill*         0x200002b0      0x400 
                0x200006b0                . = ALIGN (0x8)
                0x200006b0                _estack = .
                0x200006b0                . = ALIGN (0x4)
                0x200006b0                _end = .
OUTPUT(FinchBit.elf elf32-littlearm)

.ARM.attributes
                0x00000000       0x28
 .ARM.attributes
                0x00000000       0x1e c:/program files (x86)/atmel/studio/7.0/toolchain/arm/arm-gnu-toolchain/bin/../lib/gcc/arm-none-eabi/6.2.1/thumb/v6-m/crti.o
 .ARM.attributes
                0x0000001e       0x2c c:/program files (x86)/atmel/studio/7.0/toolchain/arm/arm-gnu-toolchain/bin/../lib/gcc/arm-none-eabi/6.2.1/thumb/v6-m/crtbegin.o
 .ARM.attributes
                0x0000004a       0x32 src/ASF/sam0/drivers/adc/adc_sam_d_r_h/adc_callback.o
 .ARM.attributes
                0x0000007c       0x32 src/ASF/sam0/drivers/extint/extint_sam_d_r_h/extint.o
 .ARM.attributes
                0x000000ae       0x32 src/ASF/sam0/drivers/sercom/sercom.o
 .ARM.attributes
                0x000000e0       0x32 src/ASF/sam0/drivers/tcc/tcc.o
 .ARM.attributes
                0x00000112       0x32 src/ASF/sam0/drivers/tcc/tcc_callback.o
 .ARM.attributes
                0x00000144       0x32 src/ASF/sam0/drivers/tc/tc_sam_d_r_h/tc.o
 .ARM.attributes
                0x00000176       0x32 src/ASF/sam0/drivers/tc/tc_interrupt.o
 .ARM.attributes
                0x000001a8       0x32 src/ASF/sam0/drivers/sercom/usart/usart.o
 .ARM.attributes
                0x000001da       0x32 src/ASF/sam0/drivers/sercom/usart/usart_interrupt.o
 .ARM.attributes
                0x0000020c       0x32 src/ASF/sam0/drivers/sercom/sercom_interrupt.o
 .ARM.attributes
                0x0000023e       0x32 src/ASF/sam0/drivers/extint/extint_callback.o
 .ARM.attributes
                0x00000270       0x32 src/ASF/common2/services/delay/sam0/systick_counter.o
 .ARM.attributes
                0x000002a2       0x32 src/ASF/sam0/drivers/port/port.o
 .ARM.attributes
                0x000002d4       0x32 src/motor.o
 .ARM.attributes
                0x00000306       0x32 src/PowerOn.o
 .ARM.attributes
                0x00000338       0x32 src/RGB_LED.o
 .ARM.attributes
                0x0000036a       0x32 src/RGB_LED_control.o
 .ARM.attributes
                0x0000039c       0x32 src/UART.o
 .ARM.attributes
                0x000003ce       0x32 src/UART_control.o
 .ARM.attributes
                0x00000400       0x32 src/UltraSound.o
 .ARM.attributes
                0x00000432       0x32 src/ASF/common2/boards/user_board/init.o
 .ARM.attributes
                0x00000464       0x32 src/ASF/common/utils/interrupt/interrupt_sam_nvic.o
 .ARM.attributes
                0x00000496       0x32 src/ASF/sam0/drivers/system/clock/clock_samd09_d10_d11/clock.o
 .ARM.attributes
                0x000004c8       0x32 src/ASF/sam0/drivers/system/clock/clock_samd09_d10_d11/gclk.o
 .ARM.attributes
                0x000004fa       0x32 src/ASF/sam0/drivers/system/pinmux/pinmux.o
 .ARM.attributes
                0x0000052c       0x32 src/ASF/sam0/drivers/system/system.o
 .ARM.attributes
                0x0000055e       0x32 src/ASF/sam0/utils/cmsis/samd10/source/gcc/startup_samd10.o
 .ARM.attributes
                0x00000590       0x32 src/main.o
 .ARM.attributes
                0x000005c2       0x1e c:/program files (x86)/atmel/studio/7.0/toolchain/arm/arm-gnu-toolchain/bin/../lib/gcc/arm-none-eabi/6.2.1/thumb/v6-m\libgcc.a(_udivsi3.o)
 .ARM.attributes
                0x000005e0       0x1e c:/program files (x86)/atmel/studio/7.0/toolchain/arm/arm-gnu-toolchain/bin/../lib/gcc/arm-none-eabi/6.2.1/thumb/v6-m\libgcc.a(_dvmd_tls.o)
 .ARM.attributes
                0x000005fe       0x2c c:/program files (x86)/atmel/studio/7.0/toolchain/arm/arm-gnu-toolchain/bin/../lib/gcc/arm-none-eabi/6.2.1/thumb/v6-m\libgcc.a(_muldi3.o)
 .ARM.attributes
                0x0000062a       0x2c c:/program files (x86)/atmel/studio/7.0/toolchain/arm/arm-gnu-toolchain/bin/../lib/gcc/arm-none-eabi/6.2.1/../../../../arm-none-eabi/lib/thumb/v6-m\libc_nano.a(lib_a-init.o)
 .ARM.attributes
                0x00000656       0x1e c:/program files (x86)/atmel/studio/7.0/toolchain/arm/arm-gnu-toolchain/bin/../lib/gcc/arm-none-eabi/6.2.1/thumb/v6-m/crtn.o

.comment        0x00000000       0x59
 .comment       0x00000000       0x59 src/ASF/sam0/drivers/adc/adc_sam_d_r_h/adc_callback.o
                                 0x5a (size before relaxing)
 .comment       0x00000059       0x5a src/ASF/sam0/drivers/extint/extint_sam_d_r_h/extint.o
 .comment       0x00000059       0x5a src/ASF/sam0/drivers/sercom/sercom.o
 .comment       0x00000059       0x5a src/ASF/sam0/drivers/tcc/tcc.o
 .comment       0x00000059       0x5a src/ASF/sam0/drivers/tcc/tcc_callback.o
 .comment       0x00000059       0x5a src/ASF/sam0/drivers/tc/tc_sam_d_r_h/tc.o
 .comment       0x00000059       0x5a src/ASF/sam0/drivers/tc/tc_interrupt.o
 .comment       0x00000059       0x5a src/ASF/sam0/drivers/sercom/usart/usart.o
 .comment       0x00000059       0x5a src/ASF/sam0/drivers/sercom/usart/usart_interrupt.o
 .comment       0x00000059       0x5a src/ASF/sam0/drivers/sercom/sercom_interrupt.o
 .comment       0x00000059       0x5a src/ASF/sam0/drivers/extint/extint_callback.o
 .comment       0x00000059       0x5a src/ASF/common2/services/delay/sam0/systick_counter.o
 .comment       0x00000059       0x5a src/ASF/sam0/drivers/port/port.o
 .comment       0x00000059       0x5a src/motor.o
 .comment       0x00000059       0x5a src/PowerOn.o
 .comment       0x00000059       0x5a src/RGB_LED.o
 .comment       0x00000059       0x5a src/RGB_LED_control.o
 .comment       0x00000059       0x5a src/UART.o
 .comment       0x00000059       0x5a src/UART_control.o
 .comment       0x00000059       0x5a src/UltraSound.o
 .comment       0x00000059       0x5a src/ASF/common2/boards/user_board/init.o
 .comment       0x00000059       0x5a src/ASF/common/utils/interrupt/interrupt_sam_nvic.o
 .comment       0x00000059       0x5a src/ASF/sam0/drivers/system/clock/clock_samd09_d10_d11/clock.o
 .comment       0x00000059       0x5a src/ASF/sam0/drivers/system/clock/clock_samd09_d10_d11/gclk.o
 .comment       0x00000059       0x5a src/ASF/sam0/drivers/system/pinmux/pinmux.o
 .comment       0x00000059       0x5a src/ASF/sam0/drivers/system/system.o
 .comment       0x00000059       0x5a src/ASF/sam0/utils/cmsis/samd10/source/gcc/startup_samd10.o
 .comment       0x00000059       0x5a src/main.o

.debug_info     0x00000000    0x46d6c
 .debug_info    0x00000000     0x1bbe src/ASF/sam0/drivers/adc/adc_sam_d_r_h/adc_callback.o
 .debug_info    0x00001bbe     0x275c src/ASF/sam0/drivers/extint/extint_sam_d_r_h/extint.o
 .debug_info    0x0000431a     0x2d8a src/ASF/sam0/drivers/sercom/sercom.o
 .debug_info    0x000070a4     0x4b74 src/ASF/sam0/drivers/tcc/tcc.o
 .debug_info    0x0000bc18     0x302b src/ASF/sam0/drivers/tcc/tcc_callback.o
 .debug_info    0x0000ec43     0x2eb9 src/ASF/sam0/drivers/tc/tc_sam_d_r_h/tc.o
 .debug_info    0x00011afc     0x1ae9 src/ASF/sam0/drivers/tc/tc_interrupt.o
 .debug_info    0x000135e5     0x4ba9 src/ASF/sam0/drivers/sercom/usart/usart.o
 .debug_info    0x0001818e     0x3025 src/ASF/sam0/drivers/sercom/usart/usart_interrupt.o
 .debug_info    0x0001b1b3     0x2af8 src/ASF/sam0/drivers/sercom/sercom_interrupt.o
 .debug_info    0x0001dcab     0x16d0 src/ASF/sam0/drivers/extint/extint_callback.o
 .debug_info    0x0001f37b      0xb81 src/ASF/common2/services/delay/sam0/systick_counter.o
 .debug_info    0x0001fefc     0x12ac src/ASF/sam0/drivers/port/port.o
 .debug_info    0x000211a8     0x4af3 src/motor.o
 .debug_info    0x00025c9b     0x1f9c src/PowerOn.o
 .debug_info    0x00027c37     0x3ceb src/RGB_LED.o
 .debug_info    0x0002b922     0x174f src/RGB_LED_control.o
 .debug_info    0x0002d071     0x3ff2 src/UART.o
 .debug_info    0x00031063     0x3a4d src/UART_control.o
 .debug_info    0x00034ab0     0x3a46 src/UltraSound.o
 .debug_info    0x000384f6     0x1694 src/ASF/common2/boards/user_board/init.o
 .debug_info    0x00039b8a      0xafb src/ASF/common/utils/interrupt/interrupt_sam_nvic.o
 .debug_info    0x0003a685     0x3654 src/ASF/sam0/drivers/system/clock/clock_samd09_d10_d11/clock.o
 .debug_info    0x0003dcd9     0x1e47 src/ASF/sam0/drivers/system/clock/clock_samd09_d10_d11/gclk.o
 .debug_info    0x0003fb20     0x13ea src/ASF/sam0/drivers/system/pinmux/pinmux.o
 .debug_info    0x00040f0a      0xa67 src/ASF/sam0/drivers/system/system.o
 .debug_info    0x00041971     0x1ab0 src/ASF/sam0/utils/cmsis/samd10/source/gcc/startup_samd10.o
 .debug_info    0x00043421     0x394b src/main.o

.debug_abbrev   0x00000000     0x5d65
 .debug_abbrev  0x00000000      0x3b8 src/ASF/sam0/drivers/adc/adc_sam_d_r_h/adc_callback.o
 .debug_abbrev  0x000003b8      0x4a7 src/ASF/sam0/drivers/extint/extint_sam_d_r_h/extint.o
 .debug_abbrev  0x0000085f      0x378 src/ASF/sam0/drivers/sercom/sercom.o
 .debug_abbrev  0x00000bd7      0x49b src/ASF/sam0/drivers/tcc/tcc.o
 .debug_abbrev  0x00001072      0x389 src/ASF/sam0/drivers/tcc/tcc_callback.o
 .debug_abbrev  0x000013fb      0x44f src/ASF/sam0/drivers/tc/tc_sam_d_r_h/tc.o
 .debug_abbrev  0x0000184a      0x2ff src/ASF/sam0/drivers/tc/tc_interrupt.o
 .debug_abbrev  0x00001b49      0x477 src/ASF/sam0/drivers/sercom/usart/usart.o
 .debug_abbrev  0x00001fc0      0x416 src/ASF/sam0/drivers/sercom/usart/usart_interrupt.o
 .debug_abbrev  0x000023d6      0x2da src/ASF/sam0/drivers/sercom/sercom_interrupt.o
 .debug_abbrev  0x000026b0      0x333 src/ASF/sam0/drivers/extint/extint_callback.o
 .debug_abbrev  0x000029e3      0x24b src/ASF/common2/services/delay/sam0/systick_counter.o
 .debug_abbrev  0x00002c2e      0x298 src/ASF/sam0/drivers/port/port.o
 .debug_abbrev  0x00002ec6      0x36f src/motor.o
 .debug_abbrev  0x00003235      0x320 src/PowerOn.o
 .debug_abbrev  0x00003555      0x49f src/RGB_LED.o
 .debug_abbrev  0x000039f4      0x24c src/RGB_LED_control.o
 .debug_abbrev  0x00003c40      0x39b src/UART.o
 .debug_abbrev  0x00003fdb      0x2f8 src/UART_control.o
 .debug_abbrev  0x000042d3      0x405 src/UltraSound.o
 .debug_abbrev  0x000046d8      0x21e src/ASF/common2/boards/user_board/init.o
 .debug_abbrev  0x000048f6      0x22c src/ASF/common/utils/interrupt/interrupt_sam_nvic.o
 .debug_abbrev  0x00004b22      0x465 src/ASF/sam0/drivers/system/clock/clock_samd09_d10_d11/clock.o
 .debug_abbrev  0x00004f87      0x3f1 src/ASF/sam0/drivers/system/clock/clock_samd09_d10_d11/gclk.o
 .debug_abbrev  0x00005378      0x36e src/ASF/sam0/drivers/system/pinmux/pinmux.o
 .debug_abbrev  0x000056e6      0x1e1 src/ASF/sam0/drivers/system/system.o
 .debug_abbrev  0x000058c7      0x200 src/ASF/sam0/utils/cmsis/samd10/source/gcc/startup_samd10.o
 .debug_abbrev  0x00005ac7      0x29e src/main.o

.debug_loc      0x00000000     0x77bf
 .debug_loc     0x00000000      0x34a src/ASF/sam0/drivers/adc/adc_sam_d_r_h/adc_callback.o
 .debug_loc     0x0000034a      0x43d src/ASF/sam0/drivers/extint/extint_sam_d_r_h/extint.o
 .debug_loc     0x00000787      0x893 src/ASF/sam0/drivers/sercom/sercom.o
 .debug_loc     0x0000101a     0x12f8 src/ASF/sam0/drivers/tcc/tcc.o
 .debug_loc     0x00002312      0x205 src/ASF/sam0/drivers/tcc/tcc_callback.o
 .debug_loc     0x00002517      0xdb9 src/ASF/sam0/drivers/tc/tc_sam_d_r_h/tc.o
 .debug_loc     0x000032d0      0x168 src/ASF/sam0/drivers/tc/tc_interrupt.o
 .debug_loc     0x00003438      0xe2f src/ASF/sam0/drivers/sercom/usart/usart.o
 .debug_loc     0x00004267      0x6f3 src/ASF/sam0/drivers/sercom/usart/usart_interrupt.o
 .debug_loc     0x0000495a      0x139 src/ASF/sam0/drivers/sercom/sercom_interrupt.o
 .debug_loc     0x00004a93      0x2ac src/ASF/sam0/drivers/extint/extint_callback.o
 .debug_loc     0x00004d3f       0xe4 src/ASF/common2/services/delay/sam0/systick_counter.o
 .debug_loc     0x00004e23      0x13d src/ASF/sam0/drivers/port/port.o
 .debug_loc     0x00004f60      0x322 src/motor.o
 .debug_loc     0x00005282      0x126 src/PowerOn.o
 .debug_loc     0x000053a8      0x5ba src/RGB_LED.o
 .debug_loc     0x00005962      0x108 src/RGB_LED_control.o
 .debug_loc     0x00005a6a      0x186 src/UART.o
 .debug_loc     0x00005bf0       0xc7 src/UART_control.o
 .debug_loc     0x00005cb7      0x322 src/UltraSound.o
 .debug_loc     0x00005fd9      0xef5 src/ASF/sam0/drivers/system/clock/clock_samd09_d10_d11/clock.o
 .debug_loc     0x00006ece      0x504 src/ASF/sam0/drivers/system/clock/clock_samd09_d10_d11/gclk.o
 .debug_loc     0x000073d2      0x36d src/ASF/sam0/drivers/system/pinmux/pinmux.o
 .debug_loc     0x0000773f       0x20 src/ASF/sam0/drivers/system/system.o
 .debug_loc     0x0000775f       0x40 src/ASF/sam0/utils/cmsis/samd10/source/gcc/startup_samd10.o
 .debug_loc     0x0000779f       0x20 src/main.o

.debug_aranges  0x00000000      0x808
 .debug_aranges
                0x00000000       0x48 src/ASF/sam0/drivers/adc/adc_sam_d_r_h/adc_callback.o
 .debug_aranges
                0x00000048       0x50 src/ASF/sam0/drivers/extint/extint_sam_d_r_h/extint.o
 .debug_aranges
                0x00000098       0x48 src/ASF/sam0/drivers/sercom/sercom.o
 .debug_aranges
                0x000000e0       0xb0 src/ASF/sam0/drivers/tcc/tcc.o
 .debug_aranges
                0x00000190       0x48 src/ASF/sam0/drivers/tcc/tcc_callback.o
 .debug_aranges
                0x000001d8       0x58 src/ASF/sam0/drivers/tc/tc_sam_d_r_h/tc.o
 .debug_aranges
                0x00000230       0x40 src/ASF/sam0/drivers/tc/tc_interrupt.o
 .debug_aranges
                0x00000270       0x40 src/ASF/sam0/drivers/sercom/usart/usart.o
 .debug_aranges
                0x000002b0       0x70 src/ASF/sam0/drivers/sercom/usart/usart_interrupt.o
 .debug_aranges
                0x00000320       0x48 src/ASF/sam0/drivers/sercom/sercom_interrupt.o
 .debug_aranges
                0x00000368       0x48 src/ASF/sam0/drivers/extint/extint_callback.o
 .debug_aranges
                0x000003b0       0x30 src/ASF/common2/services/delay/sam0/systick_counter.o
 .debug_aranges
                0x000003e0       0x28 src/ASF/sam0/drivers/port/port.o
 .debug_aranges
                0x00000408       0x40 src/motor.o
 .debug_aranges
                0x00000448       0x38 src/PowerOn.o
 .debug_aranges
                0x00000480       0x98 src/RGB_LED.o
 .debug_aranges
                0x00000518       0x20 src/RGB_LED_control.o
 .debug_aranges
                0x00000538       0x40 src/UART.o
 .debug_aranges
                0x00000578       0x28 src/UART_control.o
 .debug_aranges
                0x000005a0       0x78 src/UltraSound.o
 .debug_aranges
                0x00000618       0x20 src/ASF/common2/boards/user_board/init.o
 .debug_aranges
                0x00000638       0x28 src/ASF/common/utils/interrupt/interrupt_sam_nvic.o
 .debug_aranges
                0x00000660       0x78 src/ASF/sam0/drivers/system/clock/clock_samd09_d10_d11/clock.o
 .debug_aranges
                0x000006d8       0x80 src/ASF/sam0/drivers/system/clock/clock_samd09_d10_d11/gclk.o
 .debug_aranges
                0x00000758       0x40 src/ASF/sam0/drivers/system/pinmux/pinmux.o
 .debug_aranges
                0x00000798       0x28 src/ASF/sam0/drivers/system/system.o
 .debug_aranges
                0x000007c0       0x28 src/ASF/sam0/utils/cmsis/samd10/source/gcc/startup_samd10.o
 .debug_aranges
                0x000007e8       0x20 src/main.o

.debug_ranges   0x00000000      0x948
 .debug_ranges  0x00000000       0x50 src/ASF/sam0/drivers/adc/adc_sam_d_r_h/adc_callback.o
 .debug_ranges  0x00000050       0x40 src/ASF/sam0/drivers/extint/extint_sam_d_r_h/extint.o
 .debug_ranges  0x00000090       0x58 src/ASF/sam0/drivers/sercom/sercom.o
 .debug_ranges  0x000000e8      0x118 src/ASF/sam0/drivers/tcc/tcc.o
 .debug_ranges  0x00000200       0x38 src/ASF/sam0/drivers/tcc/tcc_callback.o
 .debug_ranges  0x00000238       0x98 src/ASF/sam0/drivers/tc/tc_sam_d_r_h/tc.o
 .debug_ranges  0x000002d0       0x30 src/ASF/sam0/drivers/tc/tc_interrupt.o
 .debug_ranges  0x00000300      0x140 src/ASF/sam0/drivers/sercom/usart/usart.o
 .debug_ranges  0x00000440       0x60 src/ASF/sam0/drivers/sercom/usart/usart_interrupt.o
 .debug_ranges  0x000004a0       0x38 src/ASF/sam0/drivers/sercom/sercom_interrupt.o
 .debug_ranges  0x000004d8       0x90 src/ASF/sam0/drivers/extint/extint_callback.o
 .debug_ranges  0x00000568       0x50 src/ASF/common2/services/delay/sam0/systick_counter.o
 .debug_ranges  0x000005b8       0x18 src/ASF/sam0/drivers/port/port.o
 .debug_ranges  0x000005d0       0x60 src/motor.o
 .debug_ranges  0x00000630       0x28 src/PowerOn.o
 .debug_ranges  0x00000658       0xa8 src/RGB_LED.o
 .debug_ranges  0x00000700       0x10 src/RGB_LED_control.o
 .debug_ranges  0x00000710       0x30 src/UART.o
 .debug_ranges  0x00000740       0x18 src/UART_control.o
 .debug_ranges  0x00000758       0x68 src/UltraSound.o
 .debug_ranges  0x000007c0       0x10 src/ASF/common2/boards/user_board/init.o
 .debug_ranges  0x000007d0       0x18 src/ASF/common/utils/interrupt/interrupt_sam_nvic.o
 .debug_ranges  0x000007e8       0x68 src/ASF/sam0/drivers/system/clock/clock_samd09_d10_d11/clock.o
 .debug_ranges  0x00000850       0x88 src/ASF/sam0/drivers/system/clock/clock_samd09_d10_d11/gclk.o
 .debug_ranges  0x000008d8       0x30 src/ASF/sam0/drivers/system/pinmux/pinmux.o
 .debug_ranges  0x00000908       0x18 src/ASF/sam0/drivers/system/system.o
 .debug_ranges  0x00000920       0x18 src/ASF/sam0/utils/cmsis/samd10/source/gcc/startup_samd10.o
 .debug_ranges  0x00000938       0x10 src/main.o

.debug_macro    0x00000000     0x9e38
 .debug_macro   0x00000000      0x51c src/ASF/sam0/drivers/adc/adc_sam_d_r_h/adc_callback.o
 .debug_macro   0x0000051c      0x519 src/ASF/sam0/drivers/extint/extint_sam_d_r_h/extint.o
 .debug_macro   0x00000a35       0x1f src/ASF/sam0/drivers/extint/extint_sam_d_r_h/extint.o
 .debug_macro   0x00000a54       0x16 src/ASF/sam0/drivers/extint/extint_sam_d_r_h/extint.o
 .debug_macro   0x00000a6a      0x527 src/ASF/sam0/drivers/sercom/sercom.o
 .debug_macro   0x00000f91       0x5e src/ASF/sam0/drivers/sercom/sercom.o
 .debug_macro   0x00000fef       0x10 src/ASF/sam0/drivers/sercom/sercom.o
 .debug_macro   0x00000fff      0x5e1 src/ASF/sam0/drivers/tcc/tcc.o
 .debug_macro   0x000015e0       0x19 src/ASF/sam0/drivers/tcc/tcc.o
 .debug_macro   0x000015f9       0x74 src/ASF/sam0/drivers/tcc/tcc.o
 .debug_macro   0x0000166d      0x514 src/ASF/sam0/drivers/tcc/tcc_callback.o
 .debug_macro   0x00001b81      0x523 src/ASF/sam0/drivers/tc/tc_sam_d_r_h/tc.o
 .debug_macro   0x000020a4       0x19 src/ASF/sam0/drivers/tc/tc_sam_d_r_h/tc.o
 .debug_macro   0x000020bd       0x51 src/ASF/sam0/drivers/tc/tc_sam_d_r_h/tc.o
 .debug_macro   0x0000210e      0x508 src/ASF/sam0/drivers/tc/tc_interrupt.o
 .debug_macro   0x00002616      0x538 src/ASF/sam0/drivers/sercom/usart/usart.o
 .debug_macro   0x00002b4e       0x51 src/ASF/sam0/drivers/sercom/usart/usart.o
 .debug_macro   0x00002b9f      0x538 src/ASF/sam0/drivers/sercom/usart/usart_interrupt.o
 .debug_macro   0x000030d7      0x524 src/ASF/sam0/drivers/sercom/sercom_interrupt.o
 .debug_macro   0x000035fb      0x4bf src/ASF/sam0/drivers/extint/extint_callback.o
 .debug_macro   0x00003aba       0x19 src/ASF/sam0/drivers/extint/extint_callback.o
 .debug_macro   0x00003ad3      0x4d5 src/ASF/common2/services/delay/sam0/systick_counter.o
 .debug_macro   0x00003fa8       0x16 src/ASF/common2/services/delay/sam0/systick_counter.o
 .debug_macro   0x00003fbe       0x16 src/ASF/common2/services/delay/sam0/systick_counter.o
 .debug_macro   0x00003fd4      0x4b6 src/ASF/sam0/drivers/port/port.o
 .debug_macro   0x0000448a      0x608 src/motor.o
 .debug_macro   0x00004a92       0x1c src/motor.o
 .debug_macro   0x00004aae      0x2c6 src/motor.o
 .debug_macro   0x00004d74       0x11 src/motor.o
 .debug_macro   0x00004d85       0x57 src/motor.o
 .debug_macro   0x00004ddc       0x6c src/motor.o
 .debug_macro   0x00004e48       0x8f src/motor.o
 .debug_macro   0x00004ed7       0x52 src/motor.o
 .debug_macro   0x00004f29       0x22 src/motor.o
 .debug_macro   0x00004f4b      0x60a src/PowerOn.o
 .debug_macro   0x00005555      0x60e src/RGB_LED.o
 .debug_macro   0x00005b63       0x1c src/RGB_LED.o
 .debug_macro   0x00005b7f      0x615 src/RGB_LED_control.o
 .debug_macro   0x00006194      0x615 src/UART.o
 .debug_macro   0x000067a9       0x3a src/UART.o
 .debug_macro   0x000067e3      0x628 src/UART_control.o
 .debug_macro   0x00006e0b       0xc4 src/UART_control.o
 .debug_macro   0x00006ecf      0x608 src/UltraSound.o
 .debug_macro   0x000074d7       0x34 src/UltraSound.o
 .debug_macro   0x0000750b      0x5ff src/ASF/common2/boards/user_board/init.o
 .debug_macro   0x00007b0a      0x49a src/ASF/common/utils/interrupt/interrupt_sam_nvic.o
 .debug_macro   0x00007fa4      0x4ff src/ASF/sam0/drivers/system/clock/clock_samd09_d10_d11/clock.o
 .debug_macro   0x000084a3      0x234 src/ASF/sam0/drivers/system/clock/clock_samd09_d10_d11/clock.o
 .debug_macro   0x000086d7      0x4d0 src/ASF/sam0/drivers/system/clock/clock_samd09_d10_d11/gclk.o
 .debug_macro   0x00008ba7      0x4aa src/ASF/sam0/drivers/system/pinmux/pinmux.o
 .debug_macro   0x00009051       0x12 src/ASF/sam0/drivers/system/pinmux/pinmux.o
 .debug_macro   0x00009063      0x4dd src/ASF/sam0/drivers/system/system.o
 .debug_macro   0x00009540      0x281 src/ASF/sam0/utils/cmsis/samd10/source/gcc/startup_samd10.o
 .debug_macro   0x000097c1       0x3a src/ASF/sam0/utils/cmsis/samd10/source/gcc/startup_samd10.o
 .debug_macro   0x000097fb      0x63d src/main.o

.debug_line     0x00000000    0x144af
 .debug_line    0x00000000      0xb97 src/ASF/sam0/drivers/adc/adc_sam_d_r_h/adc_callback.o
 .debug_line    0x00000b97      0xbc3 src/ASF/sam0/drivers/extint/extint_sam_d_r_h/extint.o
 .debug_line    0x0000175a      0xb37 src/ASF/sam0/drivers/sercom/sercom.o
 .debug_line    0x00002291      0xdbb src/ASF/sam0/drivers/tcc/tcc.o
 .debug_line    0x0000304c      0xa20 src/ASF/sam0/drivers/tcc/tcc_callback.o
 .debug_line    0x00003a6c      0xd25 src/ASF/sam0/drivers/tc/tc_sam_d_r_h/tc.o
 .debug_line    0x00004791      0xa03 src/ASF/sam0/drivers/tc/tc_interrupt.o
 .debug_line    0x00005194      0xcd1 src/ASF/sam0/drivers/sercom/usart/usart.o
 .debug_line    0x00005e65      0xc51 src/ASF/sam0/drivers/sercom/usart/usart_interrupt.o
 .debug_line    0x00006ab6      0xacc src/ASF/sam0/drivers/sercom/sercom_interrupt.o
 .debug_line    0x00007582      0x962 src/ASF/sam0/drivers/extint/extint_callback.o
 .debug_line    0x00007ee4      0x953 src/ASF/common2/services/delay/sam0/systick_counter.o
 .debug_line    0x00008837      0x88c src/ASF/sam0/drivers/port/port.o
 .debug_line    0x000090c3      0xddf src/motor.o
 .debug_line    0x00009ea2      0xd55 src/PowerOn.o
 .debug_line    0x0000abf7      0xf57 src/RGB_LED.o
 .debug_line    0x0000bb4e      0xd1f src/RGB_LED_control.o
 .debug_line    0x0000c86d      0xd93 src/UART.o
 .debug_line    0x0000d600      0xdb5 src/UART_control.o
 .debug_line    0x0000e3b5      0xe55 src/UltraSound.o
 .debug_line    0x0000f20a      0xce5 src/ASF/common2/boards/user_board/init.o
 .debug_line    0x0000feef      0x860 src/ASF/common/utils/interrupt/interrupt_sam_nvic.o
 .debug_line    0x0001074f      0xbdd src/ASF/sam0/drivers/system/clock/clock_samd09_d10_d11/clock.o
 .debug_line    0x0001132c      0xc09 src/ASF/sam0/drivers/system/clock/clock_samd09_d10_d11/gclk.o
 .debug_line    0x00011f35      0x8d9 src/ASF/sam0/drivers/system/pinmux/pinmux.o
 .debug_line    0x0001280e      0x980 src/ASF/sam0/drivers/system/system.o
 .debug_line    0x0001318e      0x5dc src/ASF/sam0/utils/cmsis/samd10/source/gcc/startup_samd10.o
 .debug_line    0x0001376a      0xd45 src/main.o

.debug_str      0x00000000    0x71a92
 .debug_str     0x00000000    0x66cd3 src/ASF/sam0/drivers/adc/adc_sam_d_r_h/adc_callback.o
                              0x6725e (size before relaxing)
 .debug_str     0x00066cd3      0xee7 src/ASF/sam0/drivers/extint/extint_sam_d_r_h/extint.o
                              0x67b1c (size before relaxing)
 .debug_str     0x00067bba      0xc4c src/ASF/sam0/drivers/sercom/sercom.o
                              0x67994 (size before relaxing)
 .debug_str     0x00068806     0x2750 src/ASF/sam0/drivers/tcc/tcc.o
                              0x69989 (size before relaxing)
 .debug_str     0x0006af56      0x1bb src/ASF/sam0/drivers/tcc/tcc_callback.o
                              0x67d92 (size before relaxing)
 .debug_str     0x0006b111      0xa17 src/ASF/sam0/drivers/tc/tc_sam_d_r_h/tc.o
                              0x67b5b (size before relaxing)
 .debug_str     0x0006bb28       0xc2 src/ASF/sam0/drivers/tc/tc_interrupt.o
                              0x67279 (size before relaxing)
 .debug_str     0x0006bbea      0xd24 src/ASF/sam0/drivers/sercom/usart/usart.o
                              0x687d4 (size before relaxing)
 .debug_str     0x0006c90e      0x1fa src/ASF/sam0/drivers/sercom/usart/usart_interrupt.o
                              0x67a20 (size before relaxing)
 .debug_str     0x0006cb08      0x175 src/ASF/sam0/drivers/sercom/sercom_interrupt.o
                              0x6770c (size before relaxing)
 .debug_str     0x0006cc7d      0x131 src/ASF/sam0/drivers/extint/extint_callback.o
                              0x66cc1 (size before relaxing)
 .debug_str     0x0006cdae      0x22d src/ASF/common2/services/delay/sam0/systick_counter.o
                              0x66780 (size before relaxing)
 .debug_str     0x0006cfdb      0x299 src/ASF/sam0/drivers/port/port.o
                              0x66987 (size before relaxing)
 .debug_str     0x0006d274      0xb7e src/motor.o
                              0x6a06b (size before relaxing)
 .debug_str     0x0006ddf2       0x85 src/PowerOn.o
                              0x688ff (size before relaxing)
 .debug_str     0x0006de77      0x3b8 src/RGB_LED.o
                              0x69d4b (size before relaxing)
 .debug_str     0x0006e22f       0x5e src/RGB_LED_control.o
                              0x6868e (size before relaxing)
 .debug_str     0x0006e28d      0x265 src/UART.o
                              0x69f65 (size before relaxing)
 .debug_str     0x0006e4f2      0x33d src/UART_control.o
                              0x69953 (size before relaxing)
 .debug_str     0x0006e82f      0x244 src/UltraSound.o
                              0x69e87 (size before relaxing)
 .debug_str     0x0006ea73       0x3e src/ASF/common2/boards/user_board/init.o
                              0x685c5 (size before relaxing)
 .debug_str     0x0006eab1       0x66 src/ASF/common/utils/interrupt/interrupt_sam_nvic.o
                              0x66570 (size before relaxing)
 .debug_str     0x0006eb17     0x2488 src/ASF/sam0/drivers/system/clock/clock_samd09_d10_d11/clock.o
                              0x693c4 (size before relaxing)
 .debug_str     0x00070f9f      0x1bf src/ASF/sam0/drivers/system/clock/clock_samd09_d10_d11/gclk.o
                              0x671c6 (size before relaxing)
 .debug_str     0x0007115e       0xf4 src/ASF/sam0/drivers/system/pinmux/pinmux.o
                              0x66a12 (size before relaxing)
 .debug_str     0x00071252       0x47 src/ASF/sam0/drivers/system/system.o
                              0x6664d (size before relaxing)
 .debug_str     0x00071299      0x7eb src/ASF/sam0/utils/cmsis/samd10/source/gcc/startup_samd10.o
                              0x51efe (size before relaxing)
 .debug_str     0x00071a84        0xe src/main.o
                              0x699cd (size before relaxing)

.debug_frame    0x00000000     0x1298
 .debug_frame   0x00000000       0x84 src/ASF/sam0/drivers/adc/adc_sam_d_r_h/adc_callback.o
 .debug_frame   0x00000084       0xb8 src/ASF/sam0/drivers/extint/extint_sam_d_r_h/extint.o
 .debug_frame   0x0000013c       0xbc src/ASF/sam0/drivers/sercom/sercom.o
 .debug_frame   0x000001f8      0x1e4 src/ASF/sam0/drivers/tcc/tcc.o
 .debug_frame   0x000003dc       0xa4 src/ASF/sam0/drivers/tcc/tcc_callback.o
 .debug_frame   0x00000480       0xa8 src/ASF/sam0/drivers/tc/tc_sam_d_r_h/tc.o
 .debug_frame   0x00000528       0x7c src/ASF/sam0/drivers/tc/tc_interrupt.o
 .debug_frame   0x000005a4       0xac src/ASF/sam0/drivers/sercom/usart/usart.o
 .debug_frame   0x00000650      0x110 src/ASF/sam0/drivers/sercom/usart/usart_interrupt.o
 .debug_frame   0x00000760       0xa0 src/ASF/sam0/drivers/sercom/sercom_interrupt.o
 .debug_frame   0x00000800       0x7c src/ASF/sam0/drivers/extint/extint_callback.o
 .debug_frame   0x0000087c       0x64 src/ASF/common2/services/delay/sam0/systick_counter.o
 .debug_frame   0x000008e0       0x44 src/ASF/sam0/drivers/port/port.o
 .debug_frame   0x00000924       0x98 src/motor.o
 .debug_frame   0x000009bc       0x60 src/PowerOn.o
 .debug_frame   0x00000a1c      0x1ac src/RGB_LED.o
 .debug_frame   0x00000bc8       0x28 src/RGB_LED_control.o
 .debug_frame   0x00000bf0       0x90 src/UART.o
 .debug_frame   0x00000c80       0x48 src/UART_control.o
 .debug_frame   0x00000cc8      0x13c src/UltraSound.o
 .debug_frame   0x00000e04       0x20 src/ASF/common2/boards/user_board/init.o
 .debug_frame   0x00000e24       0x30 src/ASF/common/utils/interrupt/interrupt_sam_nvic.o
 .debug_frame   0x00000e54      0x14c src/ASF/sam0/drivers/system/clock/clock_samd09_d10_d11/clock.o
 .debug_frame   0x00000fa0      0x148 src/ASF/sam0/drivers/system/clock/clock_samd09_d10_d11/gclk.o
 .debug_frame   0x000010e8       0x98 src/ASF/sam0/drivers/system/pinmux/pinmux.o
 .debug_frame   0x00001180       0x38 src/ASF/sam0/drivers/system/system.o
 .debug_frame   0x000011b8       0x38 src/ASF/sam0/utils/cmsis/samd10/source/gcc/startup_samd10.o
 .debug_frame   0x000011f0       0x28 src/main.o
 .debug_frame   0x00001218       0x20 c:/program files (x86)/atmel/studio/7.0/toolchain/arm/arm-gnu-toolchain/bin/../lib/gcc/arm-none-eabi/6.2.1/thumb/v6-m\libgcc.a(_udivsi3.o)
 .debug_frame   0x00001238       0x34 c:/program files (x86)/atmel/studio/7.0/toolchain/arm/arm-gnu-toolchain/bin/../lib/gcc/arm-none-eabi/6.2.1/thumb/v6-m\libgcc.a(_muldi3.o)
 .debug_frame   0x0000126c       0x2c c:/program files (x86)/atmel/studio/7.0/toolchain/arm/arm-gnu-toolchain/bin/../lib/gcc/arm-none-eabi/6.2.1/../../../../arm-none-eabi/lib/thumb/v6-m\libc_nano.a(lib_a-init.o)

Cross Reference Table

Symbol                                            File
AC_Handler                                        src/ASF/sam0/utils/cmsis/samd10/source/gcc/startup_samd10.o
ADC_Handler                                       src/ASF/sam0/drivers/adc/adc_sam_d_r_h/adc_callback.o
DAC_Handler                                       src/ASF/sam0/utils/cmsis/samd10/source/gcc/startup_samd10.o
DMAC_Handler                                      src/ASF/sam0/utils/cmsis/samd10/source/gcc/startup_samd10.o
Dummy_Handler                                     src/ASF/sam0/utils/cmsis/samd10/source/gcc/startup_samd10.o
EIC_Handler                                       src/ASF/sam0/drivers/extint/extint_callback.o
EVSYS_Handler                                     src/ASF/sam0/utils/cmsis/samd10/source/gcc/startup_samd10.o
HardFault_Handler                                 src/ASF/sam0/utils/cmsis/samd10/source/gcc/startup_samd10.o
NMI_Handler                                       src/ASF/sam0/utils/cmsis/samd10/source/gcc/startup_samd10.o
NVMCTRL_Handler                                   src/ASF/sam0/utils/cmsis/samd10/source/gcc/startup_samd10.o
ORB_init                                          src/RGB_LED.o
                                                  src/main.o
ORB_init_array                                    src/RGB_LED.o
ORB_leds_off                                      src/RGB_LED.o
ORB_setup_pins                                    src/RGB_LED.o
ORB_timer_callbacks_init                          src/RGB_LED.o
ORB_timer_init                                    src/RGB_LED.o
PM_Handler                                        src/ASF/sam0/utils/cmsis/samd10/source/gcc/startup_samd10.o
PTC_Handler                                       src/ASF/sam0/utils/cmsis/samd10/source/gcc/startup_samd10.o
PendSV_Handler                                    src/ASF/sam0/utils/cmsis/samd10/source/gcc/startup_samd10.o
RTC_Handler                                       src/ASF/sam0/utils/cmsis/samd10/source/gcc/startup_samd10.o
Reset_Handler                                     src/ASF/sam0/utils/cmsis/samd10/source/gcc/startup_samd10.o
SERCOM0_Handler                                   src/ASF/sam0/drivers/sercom/sercom_interrupt.o
SERCOM1_Handler                                   src/ASF/sam0/drivers/sercom/sercom_interrupt.o
SERCOM2_Handler                                   src/ASF/sam0/drivers/sercom/sercom_interrupt.o
SVC_Handler                                       src/ASF/sam0/utils/cmsis/samd10/source/gcc/startup_samd10.o
SYSCTRL_Handler                                   src/ASF/sam0/utils/cmsis/samd10/source/gcc/startup_samd10.o
SysTick_Handler                                   src/ASF/sam0/utils/cmsis/samd10/source/gcc/startup_samd10.o
SystemCoreClock                                   src/ASF/sam0/utils/cmsis/samd10/source/system_samd10.o
SystemCoreClockUpdate                             src/ASF/sam0/utils/cmsis/samd10/source/system_samd10.o
SystemInit                                        src/ASF/sam0/utils/cmsis/samd10/source/system_samd10.o
TC1_Handler                                       src/ASF/sam0/drivers/tc/tc_interrupt.o
TC2_Handler                                       src/ASF/sam0/drivers/tc/tc_interrupt.o
TC4_OV_callback                                   src/UltraSound.o
TCC0_Handler                                      src/ASF/sam0/drivers/tcc/tcc_callback.o
WDT_Handler                                       src/ASF/sam0/utils/cmsis/samd10/source/gcc/startup_samd10.o
_Jv_RegisterClasses                               c:/program files (x86)/atmel/studio/7.0/toolchain/arm/arm-gnu-toolchain/bin/../lib/gcc/arm-none-eabi/6.2.1/thumb/v6-m/crtbegin.o
__aeabi_idiv0                                     c:/program files (x86)/atmel/studio/7.0/toolchain/arm/arm-gnu-toolchain/bin/../lib/gcc/arm-none-eabi/6.2.1/thumb/v6-m\libgcc.a(_dvmd_tls.o)
                                                  c:/program files (x86)/atmel/studio/7.0/toolchain/arm/arm-gnu-toolchain/bin/../lib/gcc/arm-none-eabi/6.2.1/thumb/v6-m\libgcc.a(_udivsi3.o)
__aeabi_ldiv0                                     c:/program files (x86)/atmel/studio/7.0/toolchain/arm/arm-gnu-toolchain/bin/../lib/gcc/arm-none-eabi/6.2.1/thumb/v6-m\libgcc.a(_dvmd_tls.o)
__aeabi_lmul                                      c:/program files (x86)/atmel/studio/7.0/toolchain/arm/arm-gnu-toolchain/bin/../lib/gcc/arm-none-eabi/6.2.1/thumb/v6-m\libgcc.a(_muldi3.o)
                                                  src/ASF/sam0/drivers/sercom/sercom.o
__aeabi_uidiv                                     c:/program files (x86)/atmel/studio/7.0/toolchain/arm/arm-gnu-toolchain/bin/../lib/gcc/arm-none-eabi/6.2.1/thumb/v6-m\libgcc.a(_udivsi3.o)
                                                  src/ASF/sam0/drivers/system/clock/clock_samd09_d10_d11/gclk.o
                                                  src/ASF/sam0/drivers/system/clock/clock_samd09_d10_d11/clock.o
                                                  src/ASF/common2/services/delay/sam0/systick_counter.o
__aeabi_uidivmod                                  c:/program files (x86)/atmel/studio/7.0/toolchain/arm/arm-gnu-toolchain/bin/../lib/gcc/arm-none-eabi/6.2.1/thumb/v6-m\libgcc.a(_udivsi3.o)
__bss_end__                                       c:/program files (x86)/atmel/studio/7.0/toolchain/arm/arm-gnu-toolchain/bin/../lib/gcc/arm-none-eabi/6.2.1/../../../../arm-none-eabi/lib/thumb/v6-m/crt0.o
__bss_start__                                     c:/program files (x86)/atmel/studio/7.0/toolchain/arm/arm-gnu-toolchain/bin/../lib/gcc/arm-none-eabi/6.2.1/../../../../arm-none-eabi/lib/thumb/v6-m/crt0.o
__call_exitprocs                                  c:/program files (x86)/atmel/studio/7.0/toolchain/arm/arm-gnu-toolchain/bin/../lib/gcc/arm-none-eabi/6.2.1/../../../../arm-none-eabi/lib/thumb/v6-m\libc_nano.a(lib_a-exit.o)
__deregister_frame_info                           c:/program files (x86)/atmel/studio/7.0/toolchain/arm/arm-gnu-toolchain/bin/../lib/gcc/arm-none-eabi/6.2.1/thumb/v6-m/crtbegin.o
__dso_handle                                      c:/program files (x86)/atmel/studio/7.0/toolchain/arm/arm-gnu-toolchain/bin/../lib/gcc/arm-none-eabi/6.2.1/thumb/v6-m/crtbegin.o
__init_array_end                                  c:/program files (x86)/atmel/studio/7.0/toolchain/arm/arm-gnu-toolchain/bin/../lib/gcc/arm-none-eabi/6.2.1/../../../../arm-none-eabi/lib/thumb/v6-m\libc_nano.a(lib_a-init.o)
__init_array_start                                c:/program files (x86)/atmel/studio/7.0/toolchain/arm/arm-gnu-toolchain/bin/../lib/gcc/arm-none-eabi/6.2.1/../../../../arm-none-eabi/lib/thumb/v6-m\libc_nano.a(lib_a-init.o)
__libc_fini_array                                 c:/program files (x86)/atmel/studio/7.0/toolchain/arm/arm-gnu-toolchain/bin/../lib/gcc/arm-none-eabi/6.2.1/../../../../arm-none-eabi/lib/thumb/v6-m/crt0.o
__libc_init_array                                 c:/program files (x86)/atmel/studio/7.0/toolchain/arm/arm-gnu-toolchain/bin/../lib/gcc/arm-none-eabi/6.2.1/../../../../arm-none-eabi/lib/thumb/v6-m\libc_nano.a(lib_a-init.o)
                                                  src/ASF/sam0/utils/cmsis/samd10/source/gcc/startup_samd10.o
                                                  c:/program files (x86)/atmel/studio/7.0/toolchain/arm/arm-gnu-toolchain/bin/../lib/gcc/arm-none-eabi/6.2.1/../../../../arm-none-eabi/lib/thumb/v6-m/crt0.o
__muldi3                                          c:/program files (x86)/atmel/studio/7.0/toolchain/arm/arm-gnu-toolchain/bin/../lib/gcc/arm-none-eabi/6.2.1/thumb/v6-m\libgcc.a(_muldi3.o)
__preinit_array_end                               c:/program files (x86)/atmel/studio/7.0/toolchain/arm/arm-gnu-toolchain/bin/../lib/gcc/arm-none-eabi/6.2.1/../../../../arm-none-eabi/lib/thumb/v6-m\libc_nano.a(lib_a-init.o)
__preinit_array_start                             c:/program files (x86)/atmel/studio/7.0/toolchain/arm/arm-gnu-toolchain/bin/../lib/gcc/arm-none-eabi/6.2.1/../../../../arm-none-eabi/lib/thumb/v6-m\libc_nano.a(lib_a-init.o)
__register_frame_info                             c:/program files (x86)/atmel/studio/7.0/toolchain/arm/arm-gnu-toolchain/bin/../lib/gcc/arm-none-eabi/6.2.1/thumb/v6-m/crtbegin.o
__sf_fake_stderr                                  c:/program files (x86)/atmel/studio/7.0/toolchain/arm/arm-gnu-toolchain/bin/../lib/gcc/arm-none-eabi/6.2.1/../../../../arm-none-eabi/lib/thumb/v6-m\libc_nano.a(lib_a-impure.o)
__sf_fake_stdin                                   c:/program files (x86)/atmel/studio/7.0/toolchain/arm/arm-gnu-toolchain/bin/../lib/gcc/arm-none-eabi/6.2.1/../../../../arm-none-eabi/lib/thumb/v6-m\libc_nano.a(lib_a-impure.o)
__sf_fake_stdout                                  c:/program files (x86)/atmel/studio/7.0/toolchain/arm/arm-gnu-toolchain/bin/../lib/gcc/arm-none-eabi/6.2.1/../../../../arm-none-eabi/lib/thumb/v6-m\libc_nano.a(lib_a-impure.o)
__stack                                           c:/program files (x86)/atmel/studio/7.0/toolchain/arm/arm-gnu-toolchain/bin/../lib/gcc/arm-none-eabi/6.2.1/../../../../arm-none-eabi/lib/thumb/v6-m/crt0.o
__udivsi3                                         c:/program files (x86)/atmel/studio/7.0/toolchain/arm/arm-gnu-toolchain/bin/../lib/gcc/arm-none-eabi/6.2.1/thumb/v6-m\libgcc.a(_udivsi3.o)
_adc_instances                                    src/ASF/sam0/drivers/adc/adc_sam_d_r_h/adc_callback.o
                                                  src/ASF/sam0/drivers/adc/adc_sam_d_r_h/adc.o
_close                                            src/ASF/sam0/utils/syscalls/gcc/syscalls.o
_current_channel                                  src/ASF/sam0/drivers/extint/extint_callback.o
_end                                              src/ASF/sam0/utils/syscalls/gcc/syscalls.o
_erelocate                                        src/ASF/sam0/utils/cmsis/samd10/source/gcc/startup_samd10.o
_estack                                           src/ASF/sam0/utils/cmsis/samd10/source/gcc/startup_samd10.o
_etext                                            src/ASF/sam0/utils/cmsis/samd10/source/gcc/startup_samd10.o
_exit                                             src/ASF/sam0/utils/syscalls/gcc/syscalls.o
                                                  c:/program files (x86)/atmel/studio/7.0/toolchain/arm/arm-gnu-toolchain/bin/../lib/gcc/arm-none-eabi/6.2.1/../../../../arm-none-eabi/lib/thumb/v6-m\libc_nano.a(lib_a-exit.o)
_extint_dev                                       src/ASF/sam0/drivers/extint/extint_sam_d_r_h/extint.o
                                                  src/ASF/sam0/drivers/extint/extint_callback.o
_ezero                                            src/ASF/sam0/utils/cmsis/samd10/source/gcc/startup_samd10.o
_fini                                             c:/program files (x86)/atmel/studio/7.0/toolchain/arm/arm-gnu-toolchain/bin/../lib/gcc/arm-none-eabi/6.2.1/thumb/v6-m/crti.o
_fstat                                            src/ASF/sam0/utils/syscalls/gcc/syscalls.o
_getpid                                           src/ASF/sam0/utils/syscalls/gcc/syscalls.o
_global_impure_ptr                                c:/program files (x86)/atmel/studio/7.0/toolchain/arm/arm-gnu-toolchain/bin/../lib/gcc/arm-none-eabi/6.2.1/../../../../arm-none-eabi/lib/thumb/v6-m\libc_nano.a(lib_a-impure.o)
                                                  c:/program files (x86)/atmel/studio/7.0/toolchain/arm/arm-gnu-toolchain/bin/../lib/gcc/arm-none-eabi/6.2.1/../../../../arm-none-eabi/lib/thumb/v6-m\libc_nano.a(lib_a-exit.o)
_impure_ptr                                       c:/program files (x86)/atmel/studio/7.0/toolchain/arm/arm-gnu-toolchain/bin/../lib/gcc/arm-none-eabi/6.2.1/../../../../arm-none-eabi/lib/thumb/v6-m\libc_nano.a(lib_a-impure.o)
_init                                             c:/program files (x86)/atmel/studio/7.0/toolchain/arm/arm-gnu-toolchain/bin/../lib/gcc/arm-none-eabi/6.2.1/thumb/v6-m/crti.o
                                                  c:/program files (x86)/atmel/studio/7.0/toolchain/arm/arm-gnu-toolchain/bin/../lib/gcc/arm-none-eabi/6.2.1/../../../../arm-none-eabi/lib/thumb/v6-m\libc_nano.a(lib_a-init.o)
_isatty                                           src/ASF/sam0/utils/syscalls/gcc/syscalls.o
_kill                                             src/ASF/sam0/utils/syscalls/gcc/syscalls.o
_lseek                                            src/ASF/sam0/utils/syscalls/gcc/syscalls.o
_mainCRTStartup                                   c:/program files (x86)/atmel/studio/7.0/toolchain/arm/arm-gnu-toolchain/bin/../lib/gcc/arm-none-eabi/6.2.1/../../../../arm-none-eabi/lib/thumb/v6-m/crt0.o
_sbrk                                             src/ASF/sam0/utils/syscalls/gcc/syscalls.o
_sercom_get_async_baud_val                        src/ASF/sam0/drivers/sercom/sercom.o
                                                  src/ASF/sam0/drivers/sercom/usart/usart.o
_sercom_get_default_pad                           src/ASF/sam0/drivers/sercom/sercom.o
                                                  src/ASF/sam0/drivers/sercom/usart/usart.o
_sercom_get_interrupt_vector                      src/ASF/sam0/drivers/sercom/sercom_interrupt.o
                                                  src/UART.o
_sercom_get_sercom_inst_index                     src/ASF/sam0/drivers/sercom/sercom.o
                                                  src/ASF/sam0/drivers/sercom/sercom_interrupt.o
                                                  src/ASF/sam0/drivers/sercom/usart/usart.o
_sercom_get_sync_baud_val                         src/ASF/sam0/drivers/sercom/sercom.o
                                                  src/ASF/sam0/drivers/sercom/usart/usart.o
_sercom_instances                                 src/ASF/sam0/drivers/sercom/sercom_interrupt.o
                                                  src/ASF/sam0/drivers/sercom/usart/usart_interrupt.o
                                                  src/ASF/sam0/drivers/sercom/usart/usart.o
_sercom_set_handler                               src/ASF/sam0/drivers/sercom/sercom_interrupt.o
                                                  src/ASF/sam0/drivers/sercom/usart/usart.o
_sfixed                                           src/ASF/sam0/utils/cmsis/samd10/source/gcc/startup_samd10.o
_srelocate                                        src/ASF/sam0/utils/cmsis/samd10/source/gcc/startup_samd10.o
_start                                            c:/program files (x86)/atmel/studio/7.0/toolchain/arm/arm-gnu-toolchain/bin/../lib/gcc/arm-none-eabi/6.2.1/../../../../arm-none-eabi/lib/thumb/v6-m/crt0.o
_system_divas_init                                src/ASF/sam0/drivers/system/system.o
_system_dummy_init                                src/ASF/sam0/drivers/system/system.o
_system_events_init                               src/ASF/sam0/drivers/system/system.o
_system_extint_init                               src/ASF/sam0/drivers/extint/extint_sam_d_r_h/extint.o
_szero                                            src/ASF/sam0/utils/cmsis/samd10/source/gcc/startup_samd10.o
_tc_get_inst_index                                src/ASF/sam0/drivers/tc/tc_sam_d_r_h/tc.o
                                                  src/UltraSound.o
                                                  src/RGB_LED.o
_tc_instances                                     src/ASF/sam0/drivers/tc/tc_interrupt.o
                                                  src/ASF/sam0/drivers/tc/tc_sam_d_r_h/tc.o
_tc_interrupt_handler                             src/ASF/sam0/drivers/tc/tc_interrupt.o
_tcc_apbcmasks                                    src/ASF/sam0/drivers/tcc/tcc.o
_tcc_cc_nums                                      src/ASF/sam0/drivers/tcc/tcc.o
_tcc_exts                                         src/ASF/sam0/drivers/tcc/tcc.o
_tcc_gclk_ids                                     src/ASF/sam0/drivers/tcc/tcc.o
_tcc_get_inst_index                               src/ASF/sam0/drivers/tcc/tcc.o
                                                  src/ASF/sam0/drivers/tcc/tcc_callback.o
_tcc_instances                                    src/ASF/sam0/drivers/tcc/tcc_callback.o
                                                  src/ASF/sam0/drivers/tcc/tcc.o
_tcc_interrupt_handler                            src/ASF/sam0/drivers/tcc/tcc_callback.o
_tcc_intflag                                      src/ASF/sam0/drivers/tcc/tcc_callback.o
_tcc_maxs                                         src/ASF/sam0/drivers/tcc/tcc.o
_tcc_ow_nums                                      src/ASF/sam0/drivers/tcc/tcc.o
_tcc_sizes                                        src/ASF/sam0/drivers/tcc/tcc.o
_usart_interrupt_handler                          src/ASF/sam0/drivers/sercom/usart/usart_interrupt.o
                                                  src/ASF/sam0/drivers/sercom/usart/usart.o
_usart_read_buffer                                src/ASF/sam0/drivers/sercom/usart/usart_interrupt.o
_usart_write_buffer                               src/ASF/sam0/drivers/sercom/usart/usart_interrupt.o
adc_abort_job                                     src/ASF/sam0/drivers/adc/adc_sam_d_r_h/adc_callback.o
adc_get_config_defaults                           src/ASF/sam0/drivers/adc/adc_sam_d_r_h/adc.o
adc_get_job_status                                src/ASF/sam0/drivers/adc/adc_sam_d_r_h/adc_callback.o
adc_init                                          src/ASF/sam0/drivers/adc/adc_sam_d_r_h/adc.o
adc_read_buffer_job                               src/ASF/sam0/drivers/adc/adc_sam_d_r_h/adc_callback.o
adc_register_callback                             src/ASF/sam0/drivers/adc/adc_sam_d_r_h/adc_callback.o
adc_regular_ain_channel                           src/ASF/sam0/drivers/adc/adc_sam_d_r_h/adc.o
adc_set_window_mode                               src/ASF/sam0/drivers/adc/adc_sam_d_r_h/adc.o
adc_unregister_callback                           src/ASF/sam0/drivers/adc/adc_sam_d_r_h/adc_callback.o
atexit                                            c:/program files (x86)/atmel/studio/7.0/toolchain/arm/arm-gnu-toolchain/bin/../lib/gcc/arm-none-eabi/6.2.1/../../../../arm-none-eabi/lib/thumb/v6-m/crt0.o
board_init                                        src/ASF/common2/boards/user_board/init.o
compare_array                                     src/RGB_LED.o
compare_array_ID                                  src/RGB_LED.o
config_timer_waveform                             src/motor.o
configure_TC2_callback                            src/UltraSound.o
configure_callbacks                               src/UltraSound.o
configure_echo_extint                             src/UltraSound.o
configure_ext_callback                            src/UltraSound.o
configure_modules                                 src/UltraSound.o
configure_motors                                  src/motor.o
                                                  src/main.o
configure_pins                                    src/UltraSound.o
configure_tc2                                     src/UltraSound.o
configure_ultrasound                              src/UltraSound.o
                                                  src/main.o
configure_usart                                   src/UART.o
configure_usart_callbacks                         src/UART.o
count_broadcast                                   src/main.o
cpu_irq_enter_critical                            src/ASF/common/utils/interrupt/interrupt_sam_nvic.o
                                                  src/ASF/sam0/drivers/system/clock/clock_samd09_d10_d11/gclk.o
                                                  src/ASF/sam0/drivers/sercom/usart/usart_interrupt.o
cpu_irq_leave_critical                            src/ASF/common/utils/interrupt/interrupt_sam_nvic.o
                                                  src/ASF/sam0/drivers/system/clock/clock_samd09_d10_d11/gclk.o
                                                  src/ASF/sam0/drivers/sercom/usart/usart_interrupt.o
delay_cycles_ms                                   src/ASF/common2/services/delay/sam0/systick_counter.o
delay_cycles_us                                   src/ASF/common2/services/delay/sam0/systick_counter.o
                                                  src/UltraSound.o
delay_init                                        src/ASF/common2/services/delay/sam0/systick_counter.o
                                                  src/main.o
disable_ORB                                       src/RGB_LED.o
enable_ORB                                        src/RGB_LED.o
                                                  src/main.o
enable_USART                                      src/UART.o
                                                  src/main.o
exception_table                                   src/ASF/sam0/utils/cmsis/samd10/source/gcc/startup_samd10.o
exit                                              c:/program files (x86)/atmel/studio/7.0/toolchain/arm/arm-gnu-toolchain/bin/../lib/gcc/arm-none-eabi/6.2.1/../../../../arm-none-eabi/lib/thumb/v6-m\libc_nano.a(lib_a-exit.o)
                                                  c:/program files (x86)/atmel/studio/7.0/toolchain/arm/arm-gnu-toolchain/bin/../lib/gcc/arm-none-eabi/6.2.1/../../../../arm-none-eabi/lib/thumb/v6-m/crt0.o
extint_chan_disable_callback                      src/ASF/sam0/drivers/extint/extint_callback.o
extint_chan_enable_callback                       src/ASF/sam0/drivers/extint/extint_callback.o
                                                  src/UltraSound.o
extint_chan_get_config_defaults                   src/ASF/sam0/drivers/extint/extint_sam_d_r_h/extint.o
                                                  src/UltraSound.o
extint_chan_set_config                            src/ASF/sam0/drivers/extint/extint_sam_d_r_h/extint.o
                                                  src/UltraSound.o
extint_disable_events                             src/ASF/sam0/drivers/extint/extint_sam_d_r_h/extint.o
extint_enable_events                              src/ASF/sam0/drivers/extint/extint_sam_d_r_h/extint.o
extint_get_current_channel                        src/ASF/sam0/drivers/extint/extint_callback.o
extint_nmi_set_config                             src/ASF/sam0/drivers/extint/extint_sam_d_r_h/extint.o
extint_register_callback                          src/ASF/sam0/drivers/extint/extint_callback.o
                                                  src/UltraSound.o
extint_unregister_callback                        src/ASF/sam0/drivers/extint/extint_callback.o
g_interrupt_enabled                               src/ASF/common/utils/interrupt/interrupt_sam_nvic.o
get_ultrasound_distance                           src/UltraSound.o
hardware_init_hook                                c:/program files (x86)/atmel/studio/7.0/toolchain/arm/arm-gnu-toolchain/bin/../lib/gcc/arm-none-eabi/6.2.1/../../../../arm-none-eabi/lib/thumb/v6-m/crt0.o
head_ring_buffer                                  src/main.o
                                                  src/UART_control.o
                                                  src/UART.o
increasing_sort_tag                               src/RGB_LED.o
                                                  src/RGB_LED_control.o
init_power_pin                                    src/PowerOn.o
initializing_compare_array                        src/RGB_LED.o
initializing_pin_array                            src/RGB_LED.o
                                                  src/RGB_LED_control.o
link                                              src/ASF/sam0/utils/syscalls/gcc/syscalls.o
main                                              src/main.o
                                                  src/ASF/sam0/utils/cmsis/samd10/source/gcc/startup_samd10.o
                                                  c:/program files (x86)/atmel/studio/7.0/toolchain/arm/arm-gnu-toolchain/bin/../lib/gcc/arm-none-eabi/6.2.1/../../../../arm-none-eabi/lib/thumb/v6-m/crt0.o
memcpy                                            c:/program files (x86)/atmel/studio/7.0/toolchain/arm/arm-gnu-toolchain/bin/../lib/gcc/arm-none-eabi/6.2.1/../../../../arm-none-eabi/lib/thumb/v6-m\libc_nano.a(lib_a-memcpy-stub.o)
                                                  src/ASF/sam0/drivers/adc/adc_sam_d_r_h/adc.o
memset                                            c:/program files (x86)/atmel/studio/7.0/toolchain/arm/arm-gnu-toolchain/bin/../lib/gcc/arm-none-eabi/6.2.1/../../../../arm-none-eabi/lib/thumb/v6-m\libc_nano.a(lib_a-memset.o)
                                                  c:/program files (x86)/atmel/studio/7.0/toolchain/arm/arm-gnu-toolchain/bin/../lib/gcc/arm-none-eabi/6.2.1/../../../../arm-none-eabi/lib/thumb/v6-m/crt0.o
new_echo_detection_callback                       src/UltraSound.o
old_left_dir                                      src/motor.o
old_right_dir                                     src/motor.o
orb_tc_instance                                   src/RGB_LED.o
pin_array                                         src/RGB_LED.o
pin_array_ID                                      src/RGB_LED.o
port_group_set_config                             src/ASF/sam0/drivers/port/port.o
port_pin_set_config                               src/ASF/sam0/drivers/port/port.o
                                                  src/UltraSound.o
                                                  src/RGB_LED.o
                                                  src/PowerOn.o
                                                  src/motor.o
power_button_init                                 src/PowerOn.o
                                                  src/main.o
power_button_on                                   src/PowerOn.o
power_off                                         src/PowerOn.o
received_data_updated                             src/main.o
                                                  src/UART.o
ring_buffer                                       src/main.o
                                                  src/UART_control.o
                                                  src/UART.o
rx_buffer                                         src/UART.o
sercom_set_gclk_generator                         src/ASF/sam0/drivers/sercom/sercom.o
                                                  src/ASF/sam0/drivers/sercom/usart/usart.o
serial_init                                       src/UART.o
                                                  src/main.o
serial_main_loop_1                                src/UART_control.o
                                                  src/main.o
serial_receive_bytes                              src/UART_control.o
serial_timeout                                    src/main.o
                                                  src/UltraSound.o
                                                  src/UART_control.o
serial_timeout_count                              src/main.o
                                                  src/UltraSound.o
                                                  src/UART_control.o
set_drivestrength_ORB                             src/RGB_LED.o
set_motor_left                                    src/motor.o
                                                  src/UART_control.o
set_motor_right                                   src/motor.o
                                                  src/UART_control.o
setup_ultrasound                                  src/UltraSound.o
software_init_hook                                c:/program files (x86)/atmel/studio/7.0/toolchain/arm/arm-gnu-toolchain/bin/../lib/gcc/arm-none-eabi/6.2.1/../../../../arm-none-eabi/lib/thumb/v6-m/crt0.o
system_board_init                                 src/ASF/common2/boards/user_board/init.o
system_clock_init                                 src/ASF/sam0/drivers/system/clock/clock_samd09_d10_d11/clock.o
system_clock_source_dfll_set_config               src/ASF/sam0/drivers/system/clock/clock_samd09_d10_d11/clock.o
system_clock_source_disable                       src/ASF/sam0/drivers/system/clock/clock_samd09_d10_d11/clock.o
system_clock_source_dpll_set_config               src/ASF/sam0/drivers/system/clock/clock_samd09_d10_d11/clock.o
system_clock_source_enable                        src/ASF/sam0/drivers/system/clock/clock_samd09_d10_d11/clock.o
system_clock_source_get_hz                        src/ASF/sam0/drivers/system/clock/clock_samd09_d10_d11/clock.o
                                                  src/ASF/sam0/drivers/system/clock/clock_samd09_d10_d11/gclk.o
system_clock_source_is_ready                      src/ASF/sam0/drivers/system/clock/clock_samd09_d10_d11/clock.o
system_clock_source_osc32k_set_config             src/ASF/sam0/drivers/system/clock/clock_samd09_d10_d11/clock.o
system_clock_source_osc8m_set_config              src/ASF/sam0/drivers/system/clock/clock_samd09_d10_d11/clock.o
system_clock_source_write_calibration             src/ASF/sam0/drivers/system/clock/clock_samd09_d10_d11/clock.o
system_clock_source_xosc32k_set_config            src/ASF/sam0/drivers/system/clock/clock_samd09_d10_d11/clock.o
system_clock_source_xosc_set_config               src/ASF/sam0/drivers/system/clock/clock_samd09_d10_d11/clock.o
system_gclk_chan_disable                          src/ASF/sam0/drivers/system/clock/clock_samd09_d10_d11/gclk.o
                                                  src/ASF/sam0/drivers/extint/extint_sam_d_r_h/extint.o
system_gclk_chan_enable                           src/ASF/sam0/drivers/system/clock/clock_samd09_d10_d11/gclk.o
                                                  src/ASF/sam0/drivers/sercom/usart/usart.o
                                                  src/ASF/sam0/drivers/tc/tc_sam_d_r_h/tc.o
                                                  src/ASF/sam0/drivers/tcc/tcc.o
                                                  src/ASF/sam0/drivers/sercom/sercom.o
                                                  src/ASF/sam0/drivers/extint/extint_sam_d_r_h/extint.o